Archive member included to satisfy reference by file (symbol)

/usr/lib/gcc/arm-none-eabi/13.2.1/../../../arm-none-eabi/lib/thumb/v7-m/nofp/libc_nano.a(libc_a-init.o)
                              /usr/lib/gcc/arm-none-eabi/13.2.1/../../../arm-none-eabi/lib/thumb/v7-m/nofp/crt0.o (__libc_init_array)
/usr/lib/gcc/arm-none-eabi/13.2.1/../../../arm-none-eabi/lib/thumb/v7-m/nofp/libc_nano.a(libc_a-memset.o)
                              /usr/lib/gcc/arm-none-eabi/13.2.1/../../../arm-none-eabi/lib/thumb/v7-m/nofp/crt0.o (memset)
/usr/lib/gcc/arm-none-eabi/13.2.1/../../../arm-none-eabi/lib/thumb/v7-m/nofp/libc_nano.a(libc_a-memcpy.o)
                              build/util.o (memcpy)
/usr/lib/gcc/arm-none-eabi/13.2.1/../../../arm-none-eabi/lib/thumb/v7-m/nofp/libc_nano.a(libc_a-exit.o)
                              /usr/lib/gcc/arm-none-eabi/13.2.1/../../../arm-none-eabi/lib/thumb/v7-m/nofp/crt0.o (exit)
/usr/lib/gcc/arm-none-eabi/13.2.1/../../../arm-none-eabi/lib/thumb/v7-m/nofp/libc_nano.a(libc_a-atexit.o)
                              /usr/lib/gcc/arm-none-eabi/13.2.1/../../../arm-none-eabi/lib/thumb/v7-m/nofp/crt0.o (atexit)
/usr/lib/gcc/arm-none-eabi/13.2.1/../../../arm-none-eabi/lib/thumb/v7-m/nofp/libc_nano.a(libc_a-printf.o)
                              build/util.o (printf)
/usr/lib/gcc/arm-none-eabi/13.2.1/../../../arm-none-eabi/lib/thumb/v7-m/nofp/libc_nano.a(libc_a-nano-vfprintf.o)
                              /usr/lib/gcc/arm-none-eabi/13.2.1/../../../arm-none-eabi/lib/thumb/v7-m/nofp/libc_nano.a(libc_a-printf.o) (_vfprintf_r)
/usr/lib/gcc/arm-none-eabi/13.2.1/../../../arm-none-eabi/lib/thumb/v7-m/nofp/libc_nano.a(libc_a-fini.o)
                              /usr/lib/gcc/arm-none-eabi/13.2.1/../../../arm-none-eabi/lib/thumb/v7-m/nofp/crt0.o (__libc_fini_array)
/usr/lib/gcc/arm-none-eabi/13.2.1/../../../arm-none-eabi/lib/thumb/v7-m/nofp/libc_nano.a(libc_a-wbuf.o)
                              /usr/lib/gcc/arm-none-eabi/13.2.1/../../../arm-none-eabi/lib/thumb/v7-m/nofp/libc_nano.a(libc_a-nano-vfprintf.o) (__swbuf_r)
/usr/lib/gcc/arm-none-eabi/13.2.1/../../../arm-none-eabi/lib/thumb/v7-m/nofp/libc_nano.a(libc_a-impure.o)
                              /usr/lib/gcc/arm-none-eabi/13.2.1/../../../arm-none-eabi/lib/thumb/v7-m/nofp/libc_nano.a(libc_a-printf.o) (_impure_ptr)
/usr/lib/gcc/arm-none-eabi/13.2.1/../../../arm-none-eabi/lib/thumb/v7-m/nofp/libc_nano.a(libc_a-fvwrite.o)
                              /usr/lib/gcc/arm-none-eabi/13.2.1/../../../arm-none-eabi/lib/thumb/v7-m/nofp/libc_nano.a(libc_a-nano-vfprintf.o) (__sfvwrite_r)
/usr/lib/gcc/arm-none-eabi/13.2.1/../../../arm-none-eabi/lib/thumb/v7-m/nofp/libc_nano.a(libc_a-findfp.o)
                              /usr/lib/gcc/arm-none-eabi/13.2.1/../../../arm-none-eabi/lib/thumb/v7-m/nofp/libc_nano.a(libc_a-nano-vfprintf.o) (__sinit)
/usr/lib/gcc/arm-none-eabi/13.2.1/../../../arm-none-eabi/lib/thumb/v7-m/nofp/libc_nano.a(libc_a-fflush.o)
                              /usr/lib/gcc/arm-none-eabi/13.2.1/../../../arm-none-eabi/lib/thumb/v7-m/nofp/libc_nano.a(libc_a-wbuf.o) (_fflush_r)
/usr/lib/gcc/arm-none-eabi/13.2.1/../../../arm-none-eabi/lib/thumb/v7-m/nofp/libc_nano.a(libc_a-mallocr.o)
                              /usr/lib/gcc/arm-none-eabi/13.2.1/../../../arm-none-eabi/lib/thumb/v7-m/nofp/libc_nano.a(libc_a-fvwrite.o) (_malloc_r)
/usr/lib/gcc/arm-none-eabi/13.2.1/../../../arm-none-eabi/lib/thumb/v7-m/nofp/libc_nano.a(libc_a-freer.o)
                              /usr/lib/gcc/arm-none-eabi/13.2.1/../../../arm-none-eabi/lib/thumb/v7-m/nofp/libc_nano.a(libc_a-fvwrite.o) (_free_r)
/usr/lib/gcc/arm-none-eabi/13.2.1/../../../arm-none-eabi/lib/thumb/v7-m/nofp/libc_nano.a(libc_a-memmove.o)
                              /usr/lib/gcc/arm-none-eabi/13.2.1/../../../arm-none-eabi/lib/thumb/v7-m/nofp/libc_nano.a(libc_a-fvwrite.o) (memmove)
/usr/lib/gcc/arm-none-eabi/13.2.1/../../../arm-none-eabi/lib/thumb/v7-m/nofp/libc_nano.a(libc_a-fwalk.o)
                              /usr/lib/gcc/arm-none-eabi/13.2.1/../../../arm-none-eabi/lib/thumb/v7-m/nofp/libc_nano.a(libc_a-findfp.o) (_fwalk_sglue)
/usr/lib/gcc/arm-none-eabi/13.2.1/../../../arm-none-eabi/lib/thumb/v7-m/nofp/libc_nano.a(libc_a-wsetup.o)
                              /usr/lib/gcc/arm-none-eabi/13.2.1/../../../arm-none-eabi/lib/thumb/v7-m/nofp/libc_nano.a(libc_a-nano-vfprintf.o) (__swsetup_r)
/usr/lib/gcc/arm-none-eabi/13.2.1/../../../arm-none-eabi/lib/thumb/v7-m/nofp/libc_nano.a(libc_a-__atexit.o)
                              /usr/lib/gcc/arm-none-eabi/13.2.1/../../../arm-none-eabi/lib/thumb/v7-m/nofp/libc_nano.a(libc_a-atexit.o) (__register_exitproc)
/usr/lib/gcc/arm-none-eabi/13.2.1/../../../arm-none-eabi/lib/thumb/v7-m/nofp/libc_nano.a(libc_a-reallocr.o)
                              /usr/lib/gcc/arm-none-eabi/13.2.1/../../../arm-none-eabi/lib/thumb/v7-m/nofp/libc_nano.a(libc_a-fvwrite.o) (_realloc_r)
[...]
Memory Configuration

Name             Origin             Length             Attributes
RAM              0x20000000         0x0000c000         xrw
FLASH            0x08000000         0x00040000         xr
*default*        0x00000000         0xffffffff

Linker script and memory map

LOAD /usr/lib/gcc/arm-none-eabi/13.2.1/thumb/v7-m/nofp/crti.o
LOAD /usr/lib/gcc/arm-none-eabi/13.2.1/thumb/v7-m/nofp/crtbegin.o
LOAD /usr/lib/gcc/arm-none-eabi/13.2.1/../../../arm-none-eabi/lib/thumb/v7-m/nofp/crt0.o
LOAD build/stm32f1xx_hal_flash.o
LOAD build/stm32f1xx_hal_pwr.o
LOAD build/stm32f1xx_hal_rcc.o
LOAD build/stm32f1xx_hal_tim.o
LOAD build/stm32f1xx_hal_tim_ex.o
LOAD build/stm32f1xx_hal_gpio_ex.o
LOAD build/stm32f1xx_hal_adc_ex.o
LOAD build/stm32f1xx_hal_cortex.o
LOAD build/stm32f1xx_hal_flash_ex.o
LOAD build/stm32f1xx_hal_gpio.o
LOAD build/stm32f1xx_hal_rcc_ex.o
LOAD build/stm32f1xx_hal.o
LOAD build/stm32f1xx_hal_adc.o
LOAD build/stm32f1xx_hal_uart.o
LOAD build/stm32f1xx_hal_i2c.o
LOAD build/stm32f1xx_hal_dma.o
LOAD build/system_stm32f1xx.o
LOAD build/setup.o
LOAD build/control.o
LOAD build/comms.o
LOAD build/util.o
LOAD build/main.o
LOAD build/bldc.o
LOAD build/eeprom.o
LOAD build/hd44780.o
LOAD build/pcf8574.o
LOAD build/stm32f1xx_it.o
LOAD build/BLDC_controller_data.o
LOAD build/BLDC_controller.o
LOAD build/startup_stm32f103xe.o
LOAD /usr/lib/gcc/arm-none-eabi/13.2.1/../../../arm-none-eabi/lib/thumb/v7-m/nofp/libc_nano.a
LOAD /usr/lib/gcc/arm-none-eabi/13.2.1/../../../arm-none-eabi/lib/thumb/v7-m/nofp/libm.a
LOAD /usr/lib/gcc/arm-none-eabi/13.2.1/../../../arm-none-eabi/lib/thumb/v7-m/nofp/libnosys.a
START GROUP
LOAD /usr/lib/gcc/arm-none-eabi/13.2.1/thumb/v7-m/nofp/libgcc.a
LOAD /usr/lib/gcc/arm-none-eabi/13.2.1/../../../arm-none-eabi/lib/thumb/v7-m/nofp/libc_nano.a
END GROUP
START GROUP
LOAD /usr/lib/gcc/arm-none-eabi/13.2.1/thumb/v7-m/nofp/libgcc.a
LOAD /usr/lib/gcc/arm-none-eabi/13.2.1/../../../arm-none-eabi/lib/thumb/v7-m/nofp/libc_nano.a
END GROUP
LOAD /usr/lib/gcc/arm-none-eabi/13.2.1/thumb/v7-m/nofp/crtend.o
LOAD /usr/lib/gcc/arm-none-eabi/13.2.1/thumb/v7-m/nofp/crtn.o
                0x2000c000                        _estack = 0x2000c000
                0x00000200                        _Min_Heap_Size = 0x200
                0x00000400                        _Min_Stack_Size = 0x400

.isr_vector     0x08000000      0x1e4
                0x08000000                        . = ALIGN (0x4)
 *(.isr_vector)
 .isr_vector    0x08000000      0x1e4 build/startup_stm32f103xe.o
                0x08000000                g_pfnVectors
                0x080001e4                        . = ALIGN (0x4)

.text           0x080001e4     0x7a44
                0x080001e4                        . = ALIGN (0x4)
 *(.text)
 .text          0x080001e4       0x88 /usr/lib/gcc/arm-none-eabi/13.2.1/thumb/v7-m/nofp/crtbegin.o
 .text          0x0800026c       0x50 /usr/lib/gcc/arm-none-eabi/13.2.1/../../../arm-none-eabi/lib/thumb/v7-m/nofp/libc_nano.a(libc_a-init.o)
                0x0800026c                __libc_init_array
 .text          0x080002bc       0xa0 /usr/lib/gcc/arm-none-eabi/13.2.1/../../../arm-none-eabi/lib/thumb/v7-m/nofp/libc_nano.a(libc_a-memset.o)
                0x080002bc                memset
 .text          0x0800035c       0xec /usr/lib/gcc/arm-none-eabi/13.2.1/../../../arm-none-eabi/lib/thumb/v7-m/nofp/libc_nano.a(libc_a-memcpy.o)
                0x0800035c                memcpy
 .text          0x08000448       0x48 /usr/lib/gcc/arm-none-eabi/13.2.1/../../../arm-none-eabi/lib/thumb/v7-m/nofp/libc_nano.a(libc_a-printf.o)
                0x08000448                _printf_r
                0x08000448                _iprintf_r
                0x08000468                printf
                0x08000468                iprintf
 .text          0x08000490      0x2ec /usr/lib/gcc/arm-none-eabi/13.2.1/../../../arm-none-eabi/lib/thumb/v7-m/nofp/libc_nano.a(libc_a-nano-vfprintf.o)
                0x080004b8                __sfputs_r
                0x080004e8                __sprint_r
                0x08000508                _vfiprintf_r
                0x08000508                _vfprintf_r
                0x08000760                vfiprintf
                0x08000760                vfprintf
 .text          0x0800077c       0x9c /usr/lib/gcc/arm-none-eabi/13.2.1/../../../arm-none-eabi/lib/thumb/v7-m/nofp/libc_nano.a(libc_a-wbuf.o)
                0x0800077c                __swbuf_r
                0x08000804                __swbuf
 .text          0x08000818      0x2ec /usr/lib/gcc/arm-none-eabi/13.2.1/../../../arm-none-eabi/lib/thumb/v7-m/nofp/libc_nano.a(libc_a-fvwrite.o)
                0x08000818                __sfvwrite_r
 .text          0x08000b04      0x224 /usr/lib/gcc/arm-none-eabi/13.2.1/../../../arm-none-eabi/lib/thumb/v7-m/nofp/libc_nano.a(libc_a-findfp.o)
                0x08000c34                __sfp
                0x08000cd8                __sinit
                0x08000cf8                __sfp_lock_acquire
                0x08000cfc                __sfp_lock_release
                0x08000d00                __fp_lock_all
                0x08000d14                __fp_unlock_all
 .text          0x08000d28      0x198 /usr/lib/gcc/arm-none-eabi/13.2.1/../../../arm-none-eabi/lib/thumb/v7-m/nofp/libc_nano.a(libc_a-fflush.o)
                0x08000d28                __sflush_r
                0x08000e3c                _fflush_r
                0x08000e74                fflush
 .text          0x08000ec0      0x14c /usr/lib/gcc/arm-none-eabi/13.2.1/../../../arm-none-eabi/lib/thumb/v7-m/nofp/libc_nano.a(libc_a-mallocr.o)
                0x08000f0c                _malloc_r
 .text          0x0800100c       0xbc /usr/lib/gcc/arm-none-eabi/13.2.1/../../../arm-none-eabi/lib/thumb/v7-m/nofp/libc_nano.a(libc_a-freer.o)
                0x0800100c                _free_r
 .text          0x080010c8       0xfc /usr/lib/gcc/arm-none-eabi/13.2.1/../../../arm-none-eabi/lib/thumb/v7-m/nofp/libc_nano.a(libc_a-memmove.o)
                0x080010c8                memmove
 .text          0x080011c4       0x44 /usr/lib/gcc/arm-none-eabi/13.2.1/../../../arm-none-eabi/lib/thumb/v7-m/nofp/libc_nano.a(libc_a-fwalk.o)
                0x080011c4                _fwalk_sglue
 .text          0x08001208       0xc4 /usr/lib/gcc/arm-none-eabi/13.2.1/../../../arm-none-eabi/lib/thumb/v7-m/nofp/libc_nano.a(libc_a-wsetup.o)
                0x08001208                __swsetup_r
 .text          0x080012cc       0x64 /usr/lib/gcc/arm-none-eabi/13.2.1/../../../arm-none-eabi/lib/thumb/v7-m/nofp/libc_nano.a(libc_a-reallocr.o)
                0x080012cc                _realloc_r
 .text          0x08001330      0x3a8 /usr/lib/gcc/arm-none-eabi/13.2.1/../../../arm-none-eabi/lib/thumb/v7-m/nofp/libc_nano.a(libc_a-nano-vfprintf_i.o)
                0x08001330                _printf_common
                0x08001454                _printf_i
 .text          0x080016d8        0x8 /usr/lib/gcc/arm-none-eabi/13.2.1/../../../arm-none-eabi/lib/thumb/v7-m/nofp/libc_nano.a(libc_a-mlock.o)
                0x080016d8                __malloc_lock
                0x080016dc                __malloc_unlock
 .text          0x080016e0      0x110 /usr/lib/gcc/arm-none-eabi/13.2.1/../../../arm-none-eabi/lib/thumb/v7-m/nofp/libc_nano.a(libc_a-makebuf.o)
                0x080016e0                __smakebuf_r
                0x080017a4                __swhatbuf_r
 .text          0x080017f0       0x98 /usr/lib/gcc/arm-none-eabi/13.2.1/../../../arm-none-eabi/lib/thumb/v7-m/nofp/libc_nano.a(libc_a-memchr-stub.o)
                0x080017f0                memchr
 .text          0x08001888       0x24 /usr/lib/gcc/arm-none-eabi/13.2.1/../../../arm-none-eabi/lib/thumb/v7-m/nofp/libc_nano.a(libc_a-isattyr.o)
                0x08001888                _isatty_r
 .text          0x080018ac       0x24 /usr/lib/gcc/arm-none-eabi/13.2.1/../../../arm-none-eabi/lib/thumb/v7-m/nofp/libc_nano.a(libc_a-sbrkr.o)
                0x080018ac                _sbrk_r
 .text          0x080018d0       0x94 /usr/lib/gcc/arm-none-eabi/13.2.1/../../../arm-none-eabi/lib/thumb/v7-m/nofp/libc_nano.a(libc_a-stdio.o)
                0x080018d0                __sread
                0x080018f4                __seofread
                0x080018f8                __swrite
                0x08001938                __sseek
                0x0800195c                __sclose
 .text          0x08001964       0x10 /usr/lib/gcc/arm-none-eabi/13.2.1/../../../arm-none-eabi/lib/thumb/v7-m/nofp/libc_nano.a(libc_a-msizer.o)
                0x08001964                _malloc_usable_size_r
 .text          0x08001974       0x24 /usr/lib/gcc/arm-none-eabi/13.2.1/../../../arm-none-eabi/lib/thumb/v7-m/nofp/libc_nano.a(libc_a-closer.o)
                0x08001974                _close_r
 .text          0x08001998       0x2c /usr/lib/gcc/arm-none-eabi/13.2.1/../../../arm-none-eabi/lib/thumb/v7-m/nofp/libc_nano.a(libc_a-readr.o)
                0x08001998                _read_r
 .text          0x080019c4       0x28 /usr/lib/gcc/arm-none-eabi/13.2.1/../../../arm-none-eabi/lib/thumb/v7-m/nofp/libc_nano.a(libc_a-fstatr.o)
                0x080019c4                _fstat_r
 .text          0x080019ec       0x2c /usr/lib/gcc/arm-none-eabi/13.2.1/../../../arm-none-eabi/lib/thumb/v7-m/nofp/libc_nano.a(libc_a-lseekr.o)
                0x080019ec                _lseek_r
 .text          0x08001a18       0x2c /usr/lib/gcc/arm-none-eabi/13.2.1/../../../arm-none-eabi/lib/thumb/v7-m/nofp/libc_nano.a(libc_a-writer.o)
                0x08001a18                _write_r
 .text          0x08001a44       0x10 /usr/lib/gcc/arm-none-eabi/13.2.1/../../../arm-none-eabi/lib/thumb/v7-m/nofp/libnosys.a(close.o)
                0x08001a44                _close
 .text          0x08001a54       0x10 /usr/lib/gcc/arm-none-eabi/13.2.1/../../../arm-none-eabi/lib/thumb/v7-m/nofp/libnosys.a(fstat.o)
                0x08001a54                _fstat
 .text          0x08001a64       0x10 /usr/lib/gcc/arm-none-eabi/13.2.1/../../../arm-none-eabi/lib/thumb/v7-m/nofp/libnosys.a(isatty.o)
                0x08001a64                _isatty
 .text          0x08001a74       0x10 /usr/lib/gcc/arm-none-eabi/13.2.1/../../../arm-none-eabi/lib/thumb/v7-m/nofp/libnosys.a(lseek.o)
                0x08001a74                _lseek
 .text          0x08001a84       0x10 /usr/lib/gcc/arm-none-eabi/13.2.1/../../../arm-none-eabi/lib/thumb/v7-m/nofp/libnosys.a(read.o)
                0x08001a84                _read
 .text          0x08001a94       0x1c /usr/lib/gcc/arm-none-eabi/13.2.1/../../../arm-none-eabi/lib/thumb/v7-m/nofp/libnosys.a(sbrk.o)
                0x08001a94                _sbrk
 .text          0x08001ab0       0x10 /usr/lib/gcc/arm-none-eabi/13.2.1/../../../arm-none-eabi/lib/thumb/v7-m/nofp/libnosys.a(write.o)
                0x08001ab0                _write
 *(.text*)
 .text.FLASH_Program_HalfWord
                0x08001ac0       0x1c build/stm32f1xx_hal_flash.o
 .text.FLASH_SetErrorCode
                0x08001adc       0x70 build/stm32f1xx_hal_flash.o
 .text.HAL_FLASH_Unlock
                0x08001b4c       0x28 build/stm32f1xx_hal_flash.o
                0x08001b4c                HAL_FLASH_Unlock
 .text.HAL_FLASH_Lock
                0x08001b74       0x14 build/stm32f1xx_hal_flash.o
                0x08001b74                HAL_FLASH_Lock
 .text.FLASH_WaitForLastOperation
                0x08001b88       0x68 build/stm32f1xx_hal_flash.o
                0x08001b88                FLASH_WaitForLastOperation
 .text.HAL_FLASH_Program
                0x08001bf0       0xa0 build/stm32f1xx_hal_flash.o
                0x08001bf0                HAL_FLASH_Program
 .text.RCC_Delay
                0x08001c90       0x2c build/stm32f1xx_hal_rcc.o
 .text.HAL_RCC_OscConfig
                0x08001cbc      0x3e0 build/stm32f1xx_hal_rcc.o
                0x08001cbc                HAL_RCC_OscConfig
 .text.HAL_RCC_GetSysClockFreq
                0x0800209c       0x70 build/stm32f1xx_hal_rcc.o
                0x0800209c                HAL_RCC_GetSysClockFreq
 .text.HAL_RCC_ClockConfig
                0x0800210c      0x17c build/stm32f1xx_hal_rcc.o
                0x0800210c                HAL_RCC_ClockConfig
 .text.HAL_RCC_GetHCLKFreq
                0x08002288        0xc build/stm32f1xx_hal_rcc.o
                0x08002288                HAL_RCC_GetHCLKFreq
 .text.HAL_RCC_GetPCLK1Freq
                0x08002294       0x20 build/stm32f1xx_hal_rcc.o
                0x08002294                HAL_RCC_GetPCLK1Freq
 .text.HAL_RCC_GetPCLK2Freq
                0x080022b4       0x20 build/stm32f1xx_hal_rcc.o
                0x080022b4                HAL_RCC_GetPCLK2Freq
 .text.TIM_OC1_SetConfig
                0x080022d4       0x70 build/stm32f1xx_hal_tim.o
 .text.TIM_OC3_SetConfig
                0x08002344       0x70 build/stm32f1xx_hal_tim.o
 .text.TIM_OC4_SetConfig
                0x080023b4       0x50 build/stm32f1xx_hal_tim.o
 .text.TIM_TI1_ConfigInputStage
                0x08002404       0x24 build/stm32f1xx_hal_tim.o
 .text.TIM_TI2_ConfigInputStage
                0x08002428       0x26 build/stm32f1xx_hal_tim.o
 .text.TIM_ETR_SetConfig
                0x0800244e       0x18 build/stm32f1xx_hal_tim.o
 .text.TIM_SlaveTimer_SetConfig
                0x08002466       0x74 build/stm32f1xx_hal_tim.o
 .text.HAL_TIM_PWM_MspInit
                0x080024da        0x2 build/stm32f1xx_hal_tim.o
                0x080024da                HAL_TIM_PWM_MspInit
 .text.HAL_TIM_SlaveConfigSynchronization
                0x080024dc       0x40 build/stm32f1xx_hal_tim.o
                0x080024dc                HAL_TIM_SlaveConfigSynchronization
 .text.TIM_Base_SetConfig
                0x0800251c       0x98 build/stm32f1xx_hal_tim.o
                0x0800251c                TIM_Base_SetConfig
 .text.HAL_TIM_PWM_Init
                0x080025b4       0x34 build/stm32f1xx_hal_tim.o
                0x080025b4                HAL_TIM_PWM_Init
 .text.TIM_OC2_SetConfig
                0x080025e8       0x70 build/stm32f1xx_hal_tim.o
                0x080025e8                TIM_OC2_SetConfig
 .text.HAL_TIM_PWM_ConfigChannel
                0x08002658       0xdc build/stm32f1xx_hal_tim.o
                0x08002658                HAL_TIM_PWM_ConfigChannel
 .text.TIM_CCxChannelCmd
                0x08002734       0x1a build/stm32f1xx_hal_tim.o
                0x08002734                TIM_CCxChannelCmd
 *fill*         0x0800274e        0x2 
 .text.HAL_TIM_PWM_Start
                0x08002750       0x38 build/stm32f1xx_hal_tim.o
                0x08002750                HAL_TIM_PWM_Start
 .text.TIM_CCxNChannelCmd
                0x08002788       0x1a build/stm32f1xx_hal_tim_ex.o
 .text.HAL_TIMEx_PWMN_Start
                0x080027a2       0x24 build/stm32f1xx_hal_tim_ex.o
                0x080027a2                HAL_TIMEx_PWMN_Start
 .text.HAL_TIMEx_ConfigBreakDeadTime
                0x080027c6       0x52 build/stm32f1xx_hal_tim_ex.o
                0x080027c6                HAL_TIMEx_ConfigBreakDeadTime
 .text.HAL_TIMEx_MasterConfigSynchronization
                0x08002818       0x52 build/stm32f1xx_hal_tim_ex.o
                0x08002818                HAL_TIMEx_MasterConfigSynchronization
 *fill*         0x0800286a        0x2 
 .text.HAL_ADCEx_MultiModeConfigChannel
                0x0800286c       0x60 build/stm32f1xx_hal_adc_ex.o
                0x0800286c                HAL_ADCEx_MultiModeConfigChannel
 .text.NVIC_SetPriority
                0x080028cc       0x28 build/stm32f1xx_hal_cortex.o
 .text.NVIC_EncodePriority
                0x080028f4       0x3e build/stm32f1xx_hal_cortex.o
 *fill*         0x08002932        0x2 
 .text.HAL_NVIC_SetPriorityGrouping
                0x08002934       0x24 build/stm32f1xx_hal_cortex.o
                0x08002934                HAL_NVIC_SetPriorityGrouping
 .text.HAL_NVIC_SetPriority
                0x08002958       0x20 build/stm32f1xx_hal_cortex.o
                0x08002958                HAL_NVIC_SetPriority
 .text.HAL_NVIC_EnableIRQ
                0x08002978       0x18 build/stm32f1xx_hal_cortex.o
                0x08002978                HAL_NVIC_EnableIRQ
 .text.HAL_SYSTICK_Config
                0x08002990       0x28 build/stm32f1xx_hal_cortex.o
                0x08002990                HAL_SYSTICK_Config
 .text.HAL_SYSTICK_CLKSourceConfig
                0x080029b8       0x20 build/stm32f1xx_hal_cortex.o
                0x080029b8                HAL_SYSTICK_CLKSourceConfig
 .text.HAL_SYSTICK_Callback
                0x080029d8        0x2 build/stm32f1xx_hal_cortex.o
                0x080029d8                HAL_SYSTICK_Callback
 .text.HAL_SYSTICK_IRQHandler
                0x080029da        0x8 build/stm32f1xx_hal_cortex.o
                0x080029da                HAL_SYSTICK_IRQHandler
 *fill*         0x080029e2        0x2 
 .text.FLASH_MassErase
                0x080029e4       0x24 build/stm32f1xx_hal_flash_ex.o
 .text.FLASH_PageErase
                0x08002a08       0x24 build/stm32f1xx_hal_flash_ex.o
                0x08002a08                FLASH_PageErase
 .text.HAL_FLASHEx_Erase
                0x08002a2c       0xa4 build/stm32f1xx_hal_flash_ex.o
                0x08002a2c                HAL_FLASHEx_Erase
 .text.HAL_GPIO_Init
                0x08002ad0      0x238 build/stm32f1xx_hal_gpio.o
                0x08002ad0                HAL_GPIO_Init
 .text.HAL_GPIO_ReadPin
                0x08002d08        0xe build/stm32f1xx_hal_gpio.o
                0x08002d08                HAL_GPIO_ReadPin
 .text.HAL_GPIO_WritePin
                0x08002d16        0xc build/stm32f1xx_hal_gpio.o
                0x08002d16                HAL_GPIO_WritePin
 .text.HAL_GPIO_TogglePin
                0x08002d22        0x8 build/stm32f1xx_hal_gpio.o
                0x08002d22                HAL_GPIO_TogglePin
 *fill*         0x08002d2a        0x2 
 .text.HAL_RCCEx_PeriphCLKConfig
                0x08002d2c      0x118 build/stm32f1xx_hal_rcc_ex.o
                0x08002d2c                HAL_RCCEx_PeriphCLKConfig
 .text.HAL_MspInit
                0x08002e44        0x2 build/stm32f1xx_hal.o
                0x08002e44                HAL_MspInit
 *fill*         0x08002e46        0x2 
 .text.HAL_InitTick
                0x08002e48       0x2c build/stm32f1xx_hal.o
                0x08002e48                HAL_InitTick
 .text.HAL_Init
                0x08002e74       0x24 build/stm32f1xx_hal.o
                0x08002e74                HAL_Init
 .text.HAL_IncTick
                0x08002e98       0x10 build/stm32f1xx_hal.o
                0x08002e98                HAL_IncTick
 .text.HAL_GetTick
                0x08002ea8        0xc build/stm32f1xx_hal.o
                0x08002ea8                HAL_GetTick
 .text.HAL_Delay
                0x08002eb4       0x24 build/stm32f1xx_hal.o
                0x08002eb4                HAL_Delay
 .text.HAL_ADC_MspInit
                0x08002ed8        0x2 build/stm32f1xx_hal_adc.o
                0x08002ed8                HAL_ADC_MspInit
 *fill*         0x08002eda        0x2 
 .text.HAL_ADC_ConfigChannel
                0x08002edc      0x140 build/stm32f1xx_hal_adc.o
                0x08002edc                HAL_ADC_ConfigChannel
 .text.ADC_Enable
                0x0800301c       0x80 build/stm32f1xx_hal_adc.o
                0x0800301c                ADC_Enable
 .text.HAL_ADC_Start
                0x0800309c       0xe8 build/stm32f1xx_hal_adc.o
                0x0800309c                HAL_ADC_Start
 .text.ADC_ConversionStop_Disable
                0x08003184       0x4c build/stm32f1xx_hal_adc.o
                0x08003184                ADC_ConversionStop_Disable
 .text.HAL_ADC_Init
                0x080031d0      0x124 build/stm32f1xx_hal_adc.o
                0x080031d0                HAL_ADC_Init
 .text.UART_EndTxTransfer
                0x080032f4       0x12 build/stm32f1xx_hal_uart.o
 .text.UART_EndRxTransfer
                0x08003306       0x1c build/stm32f1xx_hal_uart.o
 .text.UART_Transmit_IT
                0x08003322       0x66 build/stm32f1xx_hal_uart.o
 .text.UART_SetConfig
                0x08003388      0x1a4 build/stm32f1xx_hal_uart.o
 .text.HAL_UART_Init
                0x0800352c       0x5e build/stm32f1xx_hal_uart.o
                0x0800352c                HAL_UART_Init
 *fill*         0x0800358a        0x2 
 .text.HAL_UART_Transmit_DMA
                0x0800358c       0x8c build/stm32f1xx_hal_uart.o
                0x0800358c                HAL_UART_Transmit_DMA
 .text.HAL_UART_Receive_DMA
                0x08003618       0xa8 build/stm32f1xx_hal_uart.o
                0x08003618                HAL_UART_Receive_DMA
 .text.HAL_UART_TxCpltCallback
                0x080036c0        0x2 build/stm32f1xx_hal_uart.o
                0x080036c0                HAL_UART_TxCpltCallback
 .text.UART_DMATransmitCplt
                0x080036c2       0x30 build/stm32f1xx_hal_uart.o
 .text.UART_EndTransmit_IT
                0x080036f2       0x1a build/stm32f1xx_hal_uart.o
 .text.HAL_UART_TxHalfCpltCallback
                0x0800370c        0x2 build/stm32f1xx_hal_uart.o
                0x0800370c                HAL_UART_TxHalfCpltCallback
 .text.UART_DMATxHalfCplt
                0x0800370e        0xa build/stm32f1xx_hal_uart.o
 .text.HAL_UART_RxCpltCallback
                0x08003718        0x2 build/stm32f1xx_hal_uart.o
                0x08003718                HAL_UART_RxCpltCallback
 .text.UART_DMAReceiveCplt
                0x0800371a       0x3e build/stm32f1xx_hal_uart.o
 .text.UART_Receive_IT
                0x08003758       0x9e build/stm32f1xx_hal_uart.o
 .text.HAL_UART_RxHalfCpltCallback
                0x080037f6        0x2 build/stm32f1xx_hal_uart.o
                0x080037f6                HAL_UART_RxHalfCpltCallback
 .text.UART_DMARxHalfCplt
                0x080037f8        0xa build/stm32f1xx_hal_uart.o
 .text.HAL_UART_ErrorCallback
                0x08003802        0x2 build/stm32f1xx_hal_uart.o
                0x08003802                HAL_UART_ErrorCallback
 .text.UART_DMAError
                0x08003804       0x58 build/stm32f1xx_hal_uart.o
 .text.HAL_UART_IRQHandler
                0x0800385c      0x11c build/stm32f1xx_hal_uart.o
                0x0800385c                HAL_UART_IRQHandler
 .text.UART_DMAAbortOnError
                0x08003978       0x10 build/stm32f1xx_hal_uart.o
 .text.DMA_SetConfig
                0x08003988       0x2c build/stm32f1xx_hal_dma.o
 .text.HAL_DMA_Init
                0x080039b4       0x9c build/stm32f1xx_hal_dma.o
                0x080039b4                HAL_DMA_Init
 .text.HAL_DMA_Start_IT
                0x08003a50       0x74 build/stm32f1xx_hal_dma.o
                0x08003a50                HAL_DMA_Start_IT
 .text.HAL_DMA_Abort_IT
                0x08003ac4      0x168 build/stm32f1xx_hal_dma.o
                0x08003ac4                HAL_DMA_Abort_IT
 .text.HAL_DMA_IRQHandler
                0x08003c2c      0x2ec build/stm32f1xx_hal_dma.o
                0x08003c2c                HAL_DMA_IRQHandler
 .text.SystemInit
                0x08003f18       0x4c build/system_stm32f1xx.o
                0x08003f18                SystemInit
 .text.UART3_Init
                0x08003f64       0x6c build/setup.o
                0x08003f64                UART3_Init
 .text.HAL_UART_MspInit
                0x08003fd0      0x1b8 build/setup.o
                0x08003fd0                HAL_UART_MspInit
 .text.MX_GPIO_Init
                0x08004188      0x22c build/setup.o
                0x08004188                MX_GPIO_Init
 .text.MX_TIM_Init
                0x080043b4      0x208 build/setup.o
                0x080043b4                MX_TIM_Init
 .text.MX_ADC1_Init
                0x080045bc      0x130 build/setup.o
                0x080045bc                MX_ADC1_Init
 .text.MX_ADC2_Init
                0x080046ec       0xb0 build/setup.o
                0x080046ec                MX_ADC2_Init
 .text.BLDC_Init
                0x0800479c       0xac build/util.o
                0x0800479c                BLDC_Init
 .text.Input_Lim_Init
                0x08004848       0x44 build/util.o
                0x08004848                Input_Lim_Init
 .text.UART_DisableRxErrors
                0x0800488c       0x16 build/util.o
                0x0800488c                UART_DisableRxErrors
 *fill*         0x080048a2        0x2 
 .text.poweronMelody
                0x080048a4       0x2c build/util.o
                0x080048a4                poweronMelody
 .text.beepCount
                0x080048d0       0x1c build/util.o
                0x080048d0                beepCount
 .text.beepLong
                0x080048ec       0x20 build/util.o
                0x080048ec                beepLong
 .text.beepShort
                0x0800490c       0x20 build/util.o
                0x0800490c                beepShort
 .text.calcAvgSpeed
                0x0800492c       0x40 build/util.o
                0x0800492c                calcAvgSpeed
 .text.checkInputType
                0x0800496c       0x5c build/util.o
                0x0800496c                checkInputType
 .text.Input_Init
                0x080049c8      0x23c build/util.o
                0x080049c8                Input_Init
 .text.calcInputCmd
                0x08004c04       0xaa build/util.o
                0x08004c04                calcInputCmd
 *fill*         0x08004cae        0x2 
 .text.readInputRaw
                0x08004cb0       0x38 build/util.o
                0x08004cb0                readInputRaw
 .text.handleTimeout
                0x08004ce8       0xa8 build/util.o
                0x08004ce8                handleTimeout
 .text.readCommand
                0x08004d90       0x58 build/util.o
                0x08004d90                readCommand
 .text.usart_process_command
                0x08004de8       0x50 build/util.o
                0x08004de8                usart_process_command
 .text.usart3_rx_check
                0x08004e38       0x94 build/util.o
                0x08004e38                usart3_rx_check
 .text.sideboardLeds
                0x08004ecc        0x2 build/util.o
                0x08004ecc                sideboardLeds
 *fill*         0x08004ece        0x2 
 .text.saveConfig
                0x08004ed0       0xfc build/util.o
                0x08004ed0                saveConfig
 .text.poweroff
                0x08004fcc       0x48 build/util.o
                0x08004fcc                poweroff
 .text.filtLowPass32
                0x08005014       0x46 build/util.o
                0x08005014                filtLowPass32
 *fill*         0x0800505a        0x2 
 .text.adcCalibLim
                0x0800505c      0x16c build/util.o
                0x0800505c                adcCalibLim
 .text.updateCurSpdLim
                0x080051c8      0x170 build/util.o
                0x080051c8                updateCurSpdLim
 .text.poweroffPressCheck
                0x08005338       0xa0 build/util.o
                0x08005338                poweroffPressCheck
 .text.rateLimiter16
                0x080053d8       0x1e build/util.o
                0x080053d8                rateLimiter16
 *fill*         0x080053f6        0x2 
 .text.mixerFcn
                0x080053f8       0x7c build/util.o
                0x080053f8                mixerFcn
 .text.SystemClock_Config
                0x08005474       0x74 build/main.o
                0x08005474                SystemClock_Config
 .text.main     0x080054e8      0x508 build/main.o
                0x080054e8                main
 .text.DMA1_Channel1_IRQHandler
                0x080059f0      0x504 build/bldc.o
                0x080059f0                DMA1_Channel1_IRQHandler
 .text.EE_VerifyPageFullyErased
                0x08005ef4       0x24 build/eeprom.o
 .text.EE_FindValidPage
                0x08005f18       0x50 build/eeprom.o
 .text.EE_VerifyPageFullWriteVariable
                0x08005f68       0x54 build/eeprom.o
 .text.EE_Format
                0x08005fbc       0x60 build/eeprom.o
 .text.EE_ReadVariable
                0x0800601c       0x48 build/eeprom.o
                0x0800601c                EE_ReadVariable
 .text.EE_Init  0x08006064      0x250 build/eeprom.o
                0x08006064                EE_Init
 .text.EE_PageTransfer
                0x080062b4       0xc4 build/eeprom.o
 .text.EE_WriteVariable
                0x08006378       0x1a build/eeprom.o
                0x08006378                EE_WriteVariable
 .text.NMI_Handler
                0x08006392        0x2 build/stm32f1xx_it.o
                0x08006392                NMI_Handler
 .text.HardFault_Handler
                0x08006394        0x2 build/stm32f1xx_it.o
                0x08006394                HardFault_Handler
 .text.MemManage_Handler
                0x08006396        0x2 build/stm32f1xx_it.o
                0x08006396                MemManage_Handler
 .text.BusFault_Handler
                0x08006398        0x2 build/stm32f1xx_it.o
                0x08006398                BusFault_Handler
 .text.UsageFault_Handler
                0x0800639a        0x2 build/stm32f1xx_it.o
                0x0800639a                UsageFault_Handler
 .text.SVC_Handler
                0x0800639c        0x2 build/stm32f1xx_it.o
                0x0800639c                SVC_Handler
 .text.DebugMon_Handler
                0x0800639e        0x2 build/stm32f1xx_it.o
                0x0800639e                DebugMon_Handler
 .text.PendSV_Handler
                0x080063a0        0x2 build/stm32f1xx_it.o
                0x080063a0                PendSV_Handler
 .text.SysTick_Handler
                0x080063a2        0xc build/stm32f1xx_it.o
                0x080063a2                SysTick_Handler
 *fill*         0x080063ae        0x2 
 .text.DMA1_Channel2_IRQHandler
                0x080063b0       0x10 build/stm32f1xx_it.o
                0x080063b0                DMA1_Channel2_IRQHandler
 .text.DMA1_Channel3_IRQHandler
                0x080063c0       0x10 build/stm32f1xx_it.o
                0x080063c0                DMA1_Channel3_IRQHandler
 .text.USART3_IRQHandler
                0x080063d0       0x34 build/stm32f1xx_it.o
                0x080063d0                USART3_IRQHandler
 .text.plook_u8s16_evencka
                0x08006404       0x1c build/BLDC_controller.o
                0x08006404                plook_u8s16_evencka
 .text.plook_u8u16_evencka
                0x08006420       0x1c build/BLDC_controller.o
                0x08006420                plook_u8u16_evencka
 .text.div_nde_s32_floor
                0x0800643c       0x22 build/BLDC_controller.o
                0x0800643c                div_nde_s32_floor
 .text.Counter_Init
                0x0800645e        0x4 build/BLDC_controller.o
                0x0800645e                Counter_Init
 .text.Counter  0x08006462       0x1a build/BLDC_controller.o
                0x08006462                Counter
 .text.Low_Pass_Filter_Reset
                0x0800647c        0x8 build/BLDC_controller.o
                0x0800647c                Low_Pass_Filter_Reset
 .text.Low_Pass_Filter
                0x08006484       0x5c build/BLDC_controller.o
                0x08006484                Low_Pass_Filter
 .text.Counter_b_Init
                0x080064e0        0x4 build/BLDC_controller.o
                0x080064e0                Counter_b_Init
 .text.Counter_n
                0x080064e4       0x20 build/BLDC_controller.o
                0x080064e4                Counter_n
 .text.either_edge
                0x08006504        0xe build/BLDC_controller.o
                0x08006504                either_edge
 .text.Debounce_Filter_Init
                0x08006512       0x16 build/BLDC_controller.o
                0x08006512                Debounce_Filter_Init
 .text.Debounce_Filter
                0x08006528       0x8c build/BLDC_controller.o
                0x08006528                Debounce_Filter
 .text.I_backCalc_fixdt_Init
                0x080065b4        0x4 build/BLDC_controller.o
                0x080065b4                I_backCalc_fixdt_Init
 .text.I_backCalc_fixdt_Reset
                0x080065b8        0x8 build/BLDC_controller.o
                0x080065b8                I_backCalc_fixdt_Reset
 .text.I_backCalc_fixdt
                0x080065c0       0x72 build/BLDC_controller.o
                0x080065c0                I_backCalc_fixdt
 .text.PI_clamp_fixdt_Init
                0x08006632        0x6 build/BLDC_controller.o
                0x08006632                PI_clamp_fixdt_Init
 .text.PI_clamp_fixdt_Reset
                0x08006638        0xa build/BLDC_controller.o
                0x08006638                PI_clamp_fixdt_Reset
 *fill*         0x08006642        0x2 
 .text.PI_clamp_fixdt
                0x08006644       0xf4 build/BLDC_controller.o
                0x08006644                PI_clamp_fixdt
 .text.PI_clamp_fixdt_d_Init
                0x08006738        0x6 build/BLDC_controller.o
                0x08006738                PI_clamp_fixdt_d_Init
 .text.PI_clamp_fixdt_b_Reset
                0x0800673e        0xa build/BLDC_controller.o
                0x0800673e                PI_clamp_fixdt_b_Reset
 .text.PI_clamp_fixdt_l
                0x08006748       0xf8 build/BLDC_controller.o
                0x08006748                PI_clamp_fixdt_l
 .text.PI_clamp_fixdt_f_Init
                0x08006840        0x6 build/BLDC_controller.o
                0x08006840                PI_clamp_fixdt_f_Init
 .text.PI_clamp_fixdt_g_Reset
                0x08006846        0xa build/BLDC_controller.o
                0x08006846                PI_clamp_fixdt_g_Reset
 .text.PI_clamp_fixdt_k
                0x08006850      0x108 build/BLDC_controller.o
                0x08006850                PI_clamp_fixdt_k
 .text.BLDC_controller_step
                0x08006958     0x11ac build/BLDC_controller.o
                0x08006958                BLDC_controller_step
 .text.BLDC_controller_initialize
                0x08007b04       0xc0 build/BLDC_controller.o
                0x08007b04                BLDC_controller_initialize
 .text.Reset_Handler
                0x08007bc4       0x48 build/startup_stm32f103xe.o
                0x08007bc4                Reset_Handler
 .text.Default_Handler
                0x08007c0c        0x2 build/startup_stm32f103xe.o
                0x08007c0c                RTC_Alarm_IRQHandler
                0x08007c0c                EXTI2_IRQHandler
                0x08007c0c                TIM8_TRG_COM_IRQHandler
                0x08007c0c                TIM8_CC_IRQHandler
                0x08007c0c                TIM1_CC_IRQHandler
                0x08007c0c                TIM6_IRQHandler
                0x08007c0c                PVD_IRQHandler
                0x08007c0c                SDIO_IRQHandler
                0x08007c0c                EXTI3_IRQHandler
                0x08007c0c                EXTI0_IRQHandler
                0x08007c0c                I2C2_EV_IRQHandler
                0x08007c0c                ADC1_2_IRQHandler
                0x08007c0c                SPI1_IRQHandler
                0x08007c0c                TAMPER_IRQHandler
                0x08007c0c                TIM8_UP_IRQHandler
                0x08007c0c                DMA2_Channel2_IRQHandler
                0x08007c0c                DMA1_Channel4_IRQHandler
                0x08007c0c                RTC_IRQHandler
                0x08007c0c                DMA1_Channel7_IRQHandler
                0x08007c0c                CAN1_RX1_IRQHandler
                0x08007c0c                UART5_IRQHandler
                0x08007c0c                ADC3_IRQHandler
                0x08007c0c                TIM4_IRQHandler
                0x08007c0c                DMA2_Channel1_IRQHandler
                0x08007c0c                I2C1_EV_IRQHandler
                0x08007c0c                DMA1_Channel6_IRQHandler
                0x08007c0c                UART4_IRQHandler
                0x08007c0c                TIM3_IRQHandler
                0x08007c0c                RCC_IRQHandler
                0x08007c0c                TIM1_TRG_COM_IRQHandler
                0x08007c0c                Default_Handler
                0x08007c0c                EXTI15_10_IRQHandler
                0x08007c0c                TIM7_IRQHandler
                0x08007c0c                TIM5_IRQHandler
                0x08007c0c                EXTI9_5_IRQHandler
                0x08007c0c                SPI2_IRQHandler
                0x08007c0c                DMA1_Channel5_IRQHandler
                0x08007c0c                EXTI4_IRQHandler
                0x08007c0c                USB_LP_CAN1_RX0_IRQHandler
                0x08007c0c                USB_HP_CAN1_TX_IRQHandler
                0x08007c0c                FSMC_IRQHandler
                0x08007c0c                TIM1_UP_IRQHandler
                0x08007c0c                WWDG_IRQHandler
                0x08007c0c                TIM2_IRQHandler
                0x08007c0c                TIM1_BRK_IRQHandler
                0x08007c0c                EXTI1_IRQHandler
                0x08007c0c                DMA2_Channel4_5_IRQHandler
                0x08007c0c                USART2_IRQHandler
                0x08007c0c                I2C2_ER_IRQHandler
                0x08007c0c                TIM8_BRK_IRQHandler
                0x08007c0c                CAN1_SCE_IRQHandler
                0x08007c0c                FLASH_IRQHandler
                0x08007c0c                USART1_IRQHandler
                0x08007c0c                SPI3_IRQHandler
                0x08007c0c                I2C1_ER_IRQHandler
                0x08007c0c                USBWakeUp_IRQHandler
                0x08007c0c                DMA2_Channel3_IRQHandler
 *(.glue_7)
 .glue_7        0x08007c0e        0x0 linker stubs
 *(.glue_7t)
 .glue_7t       0x08007c0e        0x0 linker stubs
 *(.eh_frame)
 *fill*         0x08007c0e        0x2 
 .eh_frame      0x08007c10        0x0 /usr/lib/gcc/arm-none-eabi/13.2.1/thumb/v7-m/nofp/crtbegin.o
 *(.init)
 .init          0x08007c10        0x4 /usr/lib/gcc/arm-none-eabi/13.2.1/thumb/v7-m/nofp/crti.o
                0x08007c10                _init
 .init          0x08007c14        0x8 /usr/lib/gcc/arm-none-eabi/13.2.1/thumb/v7-m/nofp/crtn.o
 *(.fini)
 .fini          0x08007c1c        0x4 /usr/lib/gcc/arm-none-eabi/13.2.1/thumb/v7-m/nofp/crti.o
                0x08007c1c                _fini
 .fini          0x08007c20        0x8 /usr/lib/gcc/arm-none-eabi/13.2.1/thumb/v7-m/nofp/crtn.o
                0x08007c28                        . = ALIGN (0x4)
                0x08007c28                        _etext = .

.vfp11_veneer   0x08007c28        0x0
 .vfp11_veneer  0x08007c28        0x0 linker stubs

.v4_bx          0x08007c28        0x0
 .v4_bx         0x08007c28        0x0 linker stubs

.iplt           0x08007c28        0x0
 .iplt          0x08007c28        0x0 /usr/lib/gcc/arm-none-eabi/13.2.1/thumb/v7-m/nofp/crtbegin.o

.rodata         0x08007c28      0x85c
                0x08007c28                        . = ALIGN (0x4)
 *(.rodata)
 *(.rodata*)
 .rodata.HAL_RCC_GetSysClockFreq.str1.4
                0x08007c28       0xa9 build/stm32f1xx_hal_rcc.o
                                 0x11 (size before relaxing)
 *fill*         0x08007cd1        0x3 
 .rodata.APBPrescTable
                0x08007cd4        0x8 build/system_stm32f1xx.o
                0x08007cd4                APBPrescTable
 .rodata.AHBPrescTable
                0x08007cdc       0x10 build/system_stm32f1xx.o
                0x08007cdc                AHBPrescTable
 .rodata.Input_Init.str1.4
                0x08007cec       0x59 build/util.o
 .rodata.rtM_Right
                0x08007cec        0x4 build/util.o
                0x08007cec                rtM_Right
 .rodata.rtM_Left
                0x08007cf0        0x4 build/util.o
                0x08007cf0                rtM_Left
 .rodata.rtConstP
                0x08007cf4      0x790 build/BLDC_controller_data.o
                0x08007cf4                rtConstP
 .rodata.str1.4
                0x08008484       0x13 /usr/lib/gcc/arm-none-eabi/13.2.1/../../../arm-none-eabi/lib/thumb/v7-m/nofp/libc_nano.a(libc_a-nano-vfprintf.o)
 .rodata.str1.4
                0x08008484       0x25 /usr/lib/gcc/arm-none-eabi/13.2.1/../../../arm-none-eabi/lib/thumb/v7-m/nofp/libc_nano.a(libc_a-nano-vfprintf_i.o)
                0x080084ac                        . = ALIGN (0x4)

.ARM.extab
 *(.ARM.extab* .gnu.linkonce.armextab.*)

.ARM            0x08008484        0x8
                0x08008484                        __exidx_start = .
 *(.ARM.exidx*)
 .ARM.exidx     0x08008484        0x8 /usr/lib/gcc/arm-none-eabi/13.2.1/../../../arm-none-eabi/lib/thumb/v7-m/nofp/libc_nano.a(libc_a-memcpy.o)
                0x0800848c                        __exidx_end = .

.rel.dyn        0x0800848c        0x0
 .rel.iplt      0x0800848c        0x0 /usr/lib/gcc/arm-none-eabi/13.2.1/thumb/v7-m/nofp/crtbegin.o

.preinit_array  0x0800848c        0x0
                0x0800848c                        PROVIDE (__preinit_array_start = .)
 *(.preinit_array*)
                0x0800848c                        PROVIDE (__preinit_array_end = .)

.init_array     0x0800848c        0x4
                0x0800848c                        PROVIDE (__init_array_start = .)
 *(SORT_BY_NAME(.init_array.*))
 *(.init_array*)
 .init_array    0x0800848c        0x4 /usr/lib/gcc/arm-none-eabi/13.2.1/thumb/v7-m/nofp/crtbegin.o
                0x08008490                        PROVIDE (__init_array_end = .)

.fini_array     0x08008490        0x4
                0x08008490                        PROVIDE (__fini_array_start = .)
 *(SORT_BY_NAME(.fini_array.*))
 *(.fini_array*)
 .fini_array    0x08008490        0x4 /usr/lib/gcc/arm-none-eabi/13.2.1/thumb/v7-m/nofp/crtbegin.o
                0x08008494                        PROVIDE (__fini_array_end = .)
                0x08008494                        _sidata = LOADADDR (.data)

.data           0x20000000      0x1c0 load address 0x08008494
                0x20000000                        . = ALIGN (0x4)
                0x20000000                        _sdata = .
 *(.data)
 .data          0x20000000       0x50 /usr/lib/gcc/arm-none-eabi/13.2.1/../../../arm-none-eabi/lib/thumb/v7-m/nofp/libc_nano.a(libc_a-impure.o)
                0x20000000                _impure_ptr
                0x20000004                _impure_data
 .data          0x20000050        0xc /usr/lib/gcc/arm-none-eabi/13.2.1/../../../arm-none-eabi/lib/thumb/v7-m/nofp/libc_nano.a(libc_a-findfp.o)
                0x20000050                __sglue
 *(.data*)
 .data.SystemCoreClock
                0x2000005c        0x4 build/system_stm32f1xx.o
                0x2000005c                SystemCoreClock
 .data.timeoutCntSerial_R
                0x20000060        0x2 build/util.o
 *fill*         0x20000062        0x2 
 .data.VirtAddVarTab
                0x20000064       0x26 build/util.o
                0x20000064                VirtAddVarTab
 .data.ctrlModReq
                0x2000008a        0x1 build/util.o
                0x2000008a                ctrlModReq
 .data.ctrlModReqRaw
                0x2000008b        0x1 build/util.o
                0x2000008b                ctrlModReqRaw
 .data.input2   0x2000008c        0xe build/util.o
                0x2000008c                input2
 *fill*         0x2000009a        0x2 
 .data.input1   0x2000009c        0xe build/util.o
                0x2000009c                input1
 *fill*         0x200000aa        0x2 
 .data.batVoltageFixdt
                0x200000ac        0x4 build/bldc.o
 .data.batVoltage
                0x200000b0        0x2 build/bldc.o
                0x200000b0                batVoltage
 .data.offsetdcr
                0x200000b2        0x2 build/bldc.o
 .data.offsetdcl
                0x200000b4        0x2 build/bldc.o
 .data.offsetrrC
                0x200000b6        0x2 build/bldc.o
 .data.offsetrrB
                0x200000b8        0x2 build/bldc.o
 .data.offsetrlB
                0x200000ba        0x2 build/bldc.o
 .data.offsetrlA
                0x200000bc        0x2 build/bldc.o
 *fill*         0x200000be        0x2 
 .data.rtP_Left
                0x200000c0      0x100 build/BLDC_controller_data.o
                0x200000c0                rtP_Left
                0x200001c0                        . = ALIGN (0x4)
                0x200001c0                        _edata = .

.tm_clone_table
                0x200001c0        0x0 load address 0x08008654
 .tm_clone_table
                0x200001c0        0x0 /usr/lib/gcc/arm-none-eabi/13.2.1/thumb/v7-m/nofp/crtbegin.o
 .tm_clone_table
                0x200001c0        0x0 /usr/lib/gcc/arm-none-eabi/13.2.1/thumb/v7-m/nofp/crtend.o

.igot.plt       0x200001c0        0x0 load address 0x08008654
 .igot.plt      0x200001c0        0x0 /usr/lib/gcc/arm-none-eabi/13.2.1/thumb/v7-m/nofp/crtbegin.o
                0x200001c0                        . = ALIGN (0x4)

.bss            0x200001c0      0x75c load address 0x08008654
                0x200001c0                        _sbss = .
                0x200001c0                        __bss_start__ = _sbss
 *(.bss)
 .bss           0x200001c0       0x1c /usr/lib/gcc/arm-none-eabi/13.2.1/thumb/v7-m/nofp/crtbegin.o
 .bss           0x200001dc      0x13c /usr/lib/gcc/arm-none-eabi/13.2.1/../../../arm-none-eabi/lib/thumb/v7-m/nofp/libc_nano.a(libc_a-findfp.o)
                0x200001dc                __sf
                0x20000314                __stdio_exit_handler
 .bss           0x20000318        0x8 /usr/lib/gcc/arm-none-eabi/13.2.1/../../../arm-none-eabi/lib/thumb/v7-m/nofp/libc_nano.a(libc_a-mallocr.o)
                0x20000318                __malloc_sbrk_start
                0x2000031c                __malloc_free_list
 .bss           0x20000320        0x4 /usr/lib/gcc/arm-none-eabi/13.2.1/../../../arm-none-eabi/lib/thumb/v7-m/nofp/libc_nano.a(libc_a-reent.o)
                0x20000320                errno
 .bss           0x20000324        0x4 /usr/lib/gcc/arm-none-eabi/13.2.1/../../../arm-none-eabi/lib/thumb/v7-m/nofp/libnosys.a(sbrk.o)
 *(.bss*)
 .bss.pFlash    0x20000328       0x20 build/stm32f1xx_hal_flash.o
                0x20000328                pFlash
 .bss.uwTick    0x20000348        0x4 build/stm32f1xx_hal.o
                0x20000348                uwTick
 .bss.adc_buffer
                0x2000034c       0x14 build/setup.o
                0x2000034c                adc_buffer
 .bss.hdma_usart3_tx
                0x20000360       0x44 build/setup.o
                0x20000360                hdma_usart3_tx
 .bss.hdma_usart3_rx
                0x200003a4       0x44 build/setup.o
                0x200003a4                hdma_usart3_rx
 .bss.hdma_usart2_tx
                0x200003e8       0x44 build/setup.o
                0x200003e8                hdma_usart2_tx
 .bss.hdma_usart2_rx
                0x2000042c       0x44 build/setup.o
                0x2000042c                hdma_usart2_rx
 .bss.huart3    0x20000470       0x40 build/setup.o
                0x20000470                huart3
 .bss.hadc2     0x200004b0       0x30 build/setup.o
                0x200004b0                hadc2
 .bss.hadc1     0x200004e0       0x30 build/setup.o
                0x200004e0                hadc1
 .bss.htim_left
                0x20000510       0x40 build/setup.o
                0x20000510                htim_left
 .bss.htim_right
                0x20000550       0x40 build/setup.o
                0x20000550                htim_right
 .bss.timeoutFlgGen
                0x20000590        0x1 build/control.o
                0x20000590                timeoutFlgGen
 *fill*         0x20000591        0x3 
 .bss.old_pos.0
                0x20000594        0x4 build/util.o
 .bss.commandR_raw
                0x20000598        0x8 build/util.o
 .bss.commandR  0x200005a0        0x8 build/util.o
 .bss.timeoutFlgSerial_R
                0x200005a8        0x1 build/util.o
 *fill*         0x200005a9        0x3 
 .bss.rx_buffer_R
                0x200005ac       0x40 build/util.o
 .bss.inp_cal_valid
                0x200005ec        0x1 build/util.o
 .bss.cur_spd_valid
                0x200005ed        0x1 build/util.o
 .bss.INPUT_MIN
                0x200005ee        0x2 build/util.o
 .bss.INPUT_MAX
                0x200005f0        0x2 build/util.o
 .bss.timeoutFlgSerial
                0x200005f2        0x1 build/util.o
                0x200005f2                timeoutFlgSerial
 .bss.timeoutFlgADC
                0x200005f3        0x1 build/util.o
                0x200005f3                timeoutFlgADC
 .bss.speedAvgAbs
                0x200005f4        0x2 build/util.o
                0x200005f4                speedAvgAbs
 .bss.speedAvg  0x200005f6        0x2 build/util.o
                0x200005f6                speedAvg
 .bss.inIdx_prev
                0x200005f8        0x1 build/util.o
                0x200005f8                inIdx_prev
 .bss.inIdx     0x200005f9        0x1 build/util.o
                0x200005f9                inIdx
 *fill*         0x200005fa        0x2 
 .bss.rtY_Right
                0x200005fc       0x10 build/util.o
                0x200005fc                rtY_Right
 .bss.rtU_Right
                0x2000060c       0x10 build/util.o
                0x2000060c                rtU_Right
 .bss.rtDW_Right
                0x2000061c       0xac build/util.o
                0x2000061c                rtDW_Right
 .bss.rtP_Right
                0x200006c8      0x100 build/util.o
                0x200006c8                rtP_Right
 .bss.rtY_Left  0x200007c8       0x10 build/util.o
                0x200007c8                rtY_Left
 .bss.rtU_Left  0x200007d8       0x10 build/util.o
                0x200007d8                rtU_Left
 .bss.rtDW_Left
                0x200007e8       0xac build/util.o
                0x200007e8                rtDW_Left
 .bss.rtM_Right_
                0x20000894       0x10 build/util.o
                0x20000894                rtM_Right_
 .bss.rtM_Left_
                0x200008a4       0x10 build/util.o
                0x200008a4                rtM_Left_
 .bss.inactivity_timeout_counter
                0x200008b4        0x4 build/main.o
 .bss.buzzerTimer_prev
                0x200008b8        0x4 build/main.o
 .bss.speedFixdt
                0x200008bc        0x4 build/main.o
 .bss.steerFixdt
                0x200008c0        0x4 build/main.o
 .bss.speedRateFixdt
                0x200008c4        0x2 build/main.o
 .bss.steerRateFixdt
                0x200008c6        0x2 build/main.o
 .bss.steer     0x200008c8        0x2 build/main.o
 .bss.speed     0x200008ca        0x2 build/main.o
 .bss.sideboard_leds_R
                0x200008cc        0x1 build/main.o
 *fill*         0x200008cd        0x3 
 .bss.Feedback  0x200008d0       0x12 build/main.o
 .bss.cmdR      0x200008e2        0x2 build/main.o
                0x200008e2                cmdR
 .bss.cmdL      0x200008e4        0x2 build/main.o
                0x200008e4                cmdL
 .bss.dc_curr   0x200008e6        0x2 build/main.o
                0x200008e6                dc_curr
 .bss.right_dc_curr
                0x200008e8        0x2 build/main.o
                0x200008e8                right_dc_curr
 .bss.left_dc_curr
                0x200008ea        0x2 build/main.o
                0x200008ea                left_dc_curr
 .bss.board_temp_deg_c
                0x200008ec        0x2 build/main.o
                0x200008ec                board_temp_deg_c
 .bss.batVoltageCalib
                0x200008ee        0x2 build/main.o
                0x200008ee                batVoltageCalib
 .bss.main_loop_counter
                0x200008f0        0x4 build/main.o
                0x200008f0                main_loop_counter
 .bss.backwardDrive
                0x200008f4        0x1 build/main.o
                0x200008f4                backwardDrive
 .bss.OverrunFlag.0
                0x200008f5        0x1 build/bldc.o
 .bss.offsetcount
                0x200008f6        0x2 build/bldc.o
 .bss.enableFin
                0x200008f8        0x1 build/bldc.o
 .bss.enable    0x200008f9        0x1 build/bldc.o
                0x200008f9                enable
 .bss.buzzerIdx
                0x200008fa        0x1 build/bldc.o
 .bss.buzzerPrev
                0x200008fb        0x1 build/bldc.o
 .bss.buzzerTimer
                0x200008fc        0x4 build/bldc.o
                0x200008fc                buzzerTimer
 .bss.buzzerCount
                0x20000900        0x1 build/bldc.o
                0x20000900                buzzerCount
 .bss.buzzerPattern
                0x20000901        0x1 build/bldc.o
                0x20000901                buzzerPattern
 .bss.buzzerFreq
                0x20000902        0x1 build/bldc.o
                0x20000902                buzzerFreq
 *fill*         0x20000903        0x1 
 .bss.pwmr      0x20000904        0x4 build/bldc.o
                0x20000904                pwmr
 .bss.pwml      0x20000908        0x4 build/bldc.o
                0x20000908                pwml
 .bss.curR_DC   0x2000090c        0x2 build/bldc.o
                0x2000090c                curR_DC
 .bss.curR_phaC
                0x2000090e        0x2 build/bldc.o
                0x2000090e                curR_phaC
 .bss.curR_phaB
                0x20000910        0x2 build/bldc.o
                0x20000910                curR_phaB
 .bss.curL_DC   0x20000912        0x2 build/bldc.o
                0x20000912                curL_DC
 .bss.curL_phaB
                0x20000914        0x2 build/bldc.o
                0x20000914                curL_phaB
 .bss.curL_phaA
                0x20000916        0x2 build/bldc.o
                0x20000916                curL_phaA
 .bss.pwm_margin
                0x20000918        0x2 build/bldc.o
 .bss.DataVar   0x2000091a        0x2 build/eeprom.o
                0x2000091a                DataVar
 *(COMMON)
                0x2000091c                        . = ALIGN (0x4)
                0x2000091c                        _ebss = .
                0x2000091c                        __bss_end__ = _ebss

._user_heap_stack
                0x2000091c      0x604 load address 0x08008654
                0x20000920                        . = ALIGN (0x8)
 *fill*         0x2000091c        0x4 
                0x20000920                        PROVIDE (end = .)
                [!provide]                        PROVIDE (_end = .)
                0x20000b20                        . = (. + _Min_Heap_Size)
 *fill*         0x20000920      0x200 
                0x20000f20                        . = (. + _Min_Stack_Size)
 *fill*         0x20000b20      0x400 
                0x20000f20                        . = ALIGN (0x8)

/DISCARD/
 libc.a(*)
 libm.a(*)
 libgcc.a(*)

.ARM.attributes
                0x00000000       0x29
 *(.ARM.attributes)
 .ARM.attributes
                0x00000000       0x1d /usr/lib/gcc/arm-none-eabi/13.2.1/thumb/v7-m/nofp/crti.o
 .ARM.attributes
                0x0000001d       0x2d /usr/lib/gcc/arm-none-eabi/13.2.1/thumb/v7-m/nofp/crtbegin.o
 .ARM.attributes
                0x0000004a       0x2d build/stm32f1xx_hal_flash.o
 .ARM.attributes
                0x00000077       0x2d build/stm32f1xx_hal_rcc.o
 .ARM.attributes
                0x000000a4       0x2d build/stm32f1xx_hal_tim.o
 .ARM.attributes
                0x000000d1       0x2d build/stm32f1xx_hal_tim_ex.o
 .ARM.attributes
                0x000000fe       0x2d build/stm32f1xx_hal_adc_ex.o
 .ARM.attributes
                0x0000012b       0x2d build/stm32f1xx_hal_cortex.o
 .ARM.attributes
                0x00000158       0x2d build/stm32f1xx_hal_flash_ex.o
 .ARM.attributes
                0x00000185       0x2d build/stm32f1xx_hal_gpio.o
 .ARM.attributes
                0x000001b2       0x2d build/stm32f1xx_hal_rcc_ex.o
 .ARM.attributes
                0x000001df       0x2d build/stm32f1xx_hal.o
 .ARM.attributes
                0x0000020c       0x2d build/stm32f1xx_hal_adc.o
 .ARM.attributes
                0x00000239       0x2d build/stm32f1xx_hal_uart.o
 .ARM.attributes
                0x00000266       0x2d build/stm32f1xx_hal_dma.o
 .ARM.attributes
                0x00000293       0x2d build/system_stm32f1xx.o
 .ARM.attributes
                0x000002c0       0x2d build/setup.o
 .ARM.attributes
                0x000002ed       0x2d build/control.o
 .ARM.attributes
                0x0000031a       0x2d build/util.o
 .ARM.attributes
                0x00000347       0x2d build/main.o
 .ARM.attributes
                0x00000374       0x2d build/bldc.o
 .ARM.attributes
                0x000003a1       0x2d build/eeprom.o
 .ARM.attributes
                0x000003ce       0x2d build/stm32f1xx_it.o
 .ARM.attributes
                0x000003fb       0x2d build/BLDC_controller_data.o
 .ARM.attributes
                0x00000428       0x2d build/BLDC_controller.o
 .ARM.attributes
                0x00000455       0x21 build/startup_stm32f103xe.o
 .ARM.attributes
                0x00000476       0x2d /usr/lib/gcc/arm-none-eabi/13.2.1/../../../arm-none-eabi/lib/thumb/v7-m/nofp/libc_nano.a(libc_a-init.o)
 .ARM.attributes
                0x000004a3       0x2d /usr/lib/gcc/arm-none-eabi/13.2.1/../../../arm-none-eabi/lib/thumb/v7-m/nofp/libc_nano.a(libc_a-memset.o)
 .ARM.attributes
                0x000004d0       0x1b /usr/lib/gcc/arm-none-eabi/13.2.1/../../../arm-none-eabi/lib/thumb/v7-m/nofp/libc_nano.a(libc_a-memcpy.o)
 .ARM.attributes
                0x000004eb       0x2d /usr/lib/gcc/arm-none-eabi/13.2.1/../../../arm-none-eabi/lib/thumb/v7-m/nofp/libc_nano.a(libc_a-printf.o)
 .ARM.attributes
                0x00000518       0x2d /usr/lib/gcc/arm-none-eabi/13.2.1/../../../arm-none-eabi/lib/thumb/v7-m/nofp/libc_nano.a(libc_a-nano-vfprintf.o)
 .ARM.attributes
                0x00000545       0x2d /usr/lib/gcc/arm-none-eabi/13.2.1/../../../arm-none-eabi/lib/thumb/v7-m/nofp/libc_nano.a(libc_a-wbuf.o)
 .ARM.attributes
                0x00000572       0x2d /usr/lib/gcc/arm-none-eabi/13.2.1/../../../arm-none-eabi/lib/thumb/v7-m/nofp/libc_nano.a(libc_a-impure.o)
 .ARM.attributes
                0x0000059f       0x2d /usr/lib/gcc/arm-none-eabi/13.2.1/../../../arm-none-eabi/lib/thumb/v7-m/nofp/libc_nano.a(libc_a-fvwrite.o)
 .ARM.attributes
                0x000005cc       0x2d /usr/lib/gcc/arm-none-eabi/13.2.1/../../../arm-none-eabi/lib/thumb/v7-m/nofp/libc_nano.a(libc_a-findfp.o)
 .ARM.attributes
                0x000005f9       0x2d /usr/lib/gcc/arm-none-eabi/13.2.1/../../../arm-none-eabi/lib/thumb/v7-m/nofp/libc_nano.a(libc_a-fflush.o)
 .ARM.attributes
                0x00000626       0x2d /usr/lib/gcc/arm-none-eabi/13.2.1/../../../arm-none-eabi/lib/thumb/v7-m/nofp/libc_nano.a(libc_a-mallocr.o)
 .ARM.attributes
                0x00000653       0x2d /usr/lib/gcc/arm-none-eabi/13.2.1/../../../arm-none-eabi/lib/thumb/v7-m/nofp/libc_nano.a(libc_a-freer.o)
 .ARM.attributes
                0x00000680       0x2d /usr/lib/gcc/arm-none-eabi/13.2.1/../../../arm-none-eabi/lib/thumb/v7-m/nofp/libc_nano.a(libc_a-memmove.o)
 .ARM.attributes
                0x000006ad       0x2d /usr/lib/gcc/arm-none-eabi/13.2.1/../../../arm-none-eabi/lib/thumb/v7-m/nofp/libc_nano.a(libc_a-fwalk.o)
 .ARM.attributes
                0x000006da       0x2d /usr/lib/gcc/arm-none-eabi/13.2.1/../../../arm-none-eabi/lib/thumb/v7-m/nofp/libc_nano.a(libc_a-wsetup.o)
 .ARM.attributes
                0x00000707       0x2d /usr/lib/gcc/arm-none-eabi/13.2.1/../../../arm-none-eabi/lib/thumb/v7-m/nofp/libc_nano.a(libc_a-reallocr.o)
 .ARM.attributes
                0x00000734       0x2d /usr/lib/gcc/arm-none-eabi/13.2.1/../../../arm-none-eabi/lib/thumb/v7-m/nofp/libc_nano.a(libc_a-nano-vfprintf_i.o)
 .ARM.attributes
                0x00000761       0x2d /usr/lib/gcc/arm-none-eabi/13.2.1/../../../arm-none-eabi/lib/thumb/v7-m/nofp/libc_nano.a(libc_a-mlock.o)
 .ARM.attributes
                0x0000078e       0x2d /usr/lib/gcc/arm-none-eabi/13.2.1/../../../arm-none-eabi/lib/thumb/v7-m/nofp/libc_nano.a(libc_a-makebuf.o)
 .ARM.attributes
                0x000007bb       0x2d /usr/lib/gcc/arm-none-eabi/13.2.1/../../../arm-none-eabi/lib/thumb/v7-m/nofp/libc_nano.a(libc_a-memchr-stub.o)
 .ARM.attributes
                0x000007e8       0x2d /usr/lib/gcc/arm-none-eabi/13.2.1/../../../arm-none-eabi/lib/thumb/v7-m/nofp/libc_nano.a(libc_a-isattyr.o)
 .ARM.attributes
                0x00000815       0x2d /usr/lib/gcc/arm-none-eabi/13.2.1/../../../arm-none-eabi/lib/thumb/v7-m/nofp/libc_nano.a(libc_a-sbrkr.o)
 .ARM.attributes
                0x00000842       0x2d /usr/lib/gcc/arm-none-eabi/13.2.1/../../../arm-none-eabi/lib/thumb/v7-m/nofp/libc_nano.a(libc_a-stdio.o)
 .ARM.attributes
                0x0000086f       0x2d /usr/lib/gcc/arm-none-eabi/13.2.1/../../../arm-none-eabi/lib/thumb/v7-m/nofp/libc_nano.a(libc_a-msizer.o)
 .ARM.attributes
                0x0000089c       0x2d /usr/lib/gcc/arm-none-eabi/13.2.1/../../../arm-none-eabi/lib/thumb/v7-m/nofp/libc_nano.a(libc_a-closer.o)
 .ARM.attributes
                0x000008c9       0x2d /usr/lib/gcc/arm-none-eabi/13.2.1/../../../arm-none-eabi/lib/thumb/v7-m/nofp/libc_nano.a(libc_a-readr.o)
 .ARM.attributes
                0x000008f6       0x2d /usr/lib/gcc/arm-none-eabi/13.2.1/../../../arm-none-eabi/lib/thumb/v7-m/nofp/libc_nano.a(libc_a-reent.o)
 .ARM.attributes
                0x00000923       0x2d /usr/lib/gcc/arm-none-eabi/13.2.1/../../../arm-none-eabi/lib/thumb/v7-m/nofp/libc_nano.a(libc_a-fstatr.o)
 .ARM.attributes
                0x00000950       0x2d /usr/lib/gcc/arm-none-eabi/13.2.1/../../../arm-none-eabi/lib/thumb/v7-m/nofp/libc_nano.a(libc_a-lseekr.o)
 .ARM.attributes
                0x0000097d       0x2d /usr/lib/gcc/arm-none-eabi/13.2.1/../../../arm-none-eabi/lib/thumb/v7-m/nofp/libc_nano.a(libc_a-writer.o)
 .ARM.attributes
                0x000009aa       0x2d /usr/lib/gcc/arm-none-eabi/13.2.1/../../../arm-none-eabi/lib/thumb/v7-m/nofp/libnosys.a(close.o)
 .ARM.attributes
                0x000009d7       0x2d /usr/lib/gcc/arm-none-eabi/13.2.1/../../../arm-none-eabi/lib/thumb/v7-m/nofp/libnosys.a(fstat.o)
 .ARM.attributes
                0x00000a04       0x2d /usr/lib/gcc/arm-none-eabi/13.2.1/../../../arm-none-eabi/lib/thumb/v7-m/nofp/libnosys.a(isatty.o)
 .ARM.attributes
                0x00000a31       0x2d /usr/lib/gcc/arm-none-eabi/13.2.1/../../../arm-none-eabi/lib/thumb/v7-m/nofp/libnosys.a(lseek.o)
 .ARM.attributes
                0x00000a5e       0x2d /usr/lib/gcc/arm-none-eabi/13.2.1/../../../arm-none-eabi/lib/thumb/v7-m/nofp/libnosys.a(read.o)
 .ARM.attributes
                0x00000a8b       0x2d /usr/lib/gcc/arm-none-eabi/13.2.1/../../../arm-none-eabi/lib/thumb/v7-m/nofp/libnosys.a(sbrk.o)
 .ARM.attributes
                0x00000ab8       0x2d /usr/lib/gcc/arm-none-eabi/13.2.1/../../../arm-none-eabi/lib/thumb/v7-m/nofp/libnosys.a(write.o)
 .ARM.attributes
                0x00000ae5       0x2d /usr/lib/gcc/arm-none-eabi/13.2.1/thumb/v7-m/nofp/crtend.o
 .ARM.attributes
                0x00000b12       0x1d /usr/lib/gcc/arm-none-eabi/13.2.1/thumb/v7-m/nofp/crtn.o
OUTPUT(build/hover.elf elf32-littlearm)
LOAD linker stubs
LOAD /usr/lib/gcc/arm-none-eabi/13.2.1/../../../arm-none-eabi/lib/thumb/v7-m/nofp/libc.a
LOAD /usr/lib/gcc/arm-none-eabi/13.2.1/../../../arm-none-eabi/lib/thumb/v7-m/nofp/libm.a
LOAD /usr/lib/gcc/arm-none-eabi/13.2.1/thumb/v7-m/nofp/libgcc.a

.comment        0x00000000       0x26
 .comment       0x00000000       0x26 /usr/lib/gcc/arm-none-eabi/13.2.1/thumb/v7-m/nofp/crtbegin.o
                                 0x27 (size before relaxing)
 .comment       0x00000026       0x27 build/stm32f1xx_hal_flash.o
 .comment       0x00000026       0x27 build/stm32f1xx_hal_rcc.o
 .comment       0x00000026       0x27 build/stm32f1xx_hal_tim.o
 .comment       0x00000026       0x27 build/stm32f1xx_hal_tim_ex.o
 .comment       0x00000026       0x27 build/stm32f1xx_hal_adc_ex.o
 .comment       0x00000026       0x27 build/stm32f1xx_hal_cortex.o
 .comment       0x00000026       0x27 build/stm32f1xx_hal_flash_ex.o
 .comment       0x00000026       0x27 build/stm32f1xx_hal_gpio.o
 .comment       0x00000026       0x27 build/stm32f1xx_hal_rcc_ex.o
 .comment       0x00000026       0x27 build/stm32f1xx_hal.o
 .comment       0x00000026       0x27 build/stm32f1xx_hal_adc.o
 .comment       0x00000026       0x27 build/stm32f1xx_hal_uart.o
 .comment       0x00000026       0x27 build/stm32f1xx_hal_dma.o
 .comment       0x00000026       0x27 build/system_stm32f1xx.o
 .comment       0x00000026       0x27 build/setup.o
 .comment       0x00000026       0x27 build/control.o
 .comment       0x00000026       0x27 build/util.o
 .comment       0x00000026       0x27 build/main.o
 .comment       0x00000026       0x27 build/bldc.o
 .comment       0x00000026       0x27 build/eeprom.o
 .comment       0x00000026       0x27 build/stm32f1xx_it.o
 .comment       0x00000026       0x27 build/BLDC_controller_data.o
 .comment       0x00000026       0x27 build/BLDC_controller.o
 .comment       0x00000026       0x27 /usr/lib/gcc/arm-none-eabi/13.2.1/../../../arm-none-eabi/lib/thumb/v7-m/nofp/libc_nano.a(libc_a-init.o)
 .comment       0x00000026       0x27 /usr/lib/gcc/arm-none-eabi/13.2.1/../../../arm-none-eabi/lib/thumb/v7-m/nofp/libc_nano.a(libc_a-memset.o)
 .comment       0x00000026       0x27 /usr/lib/gcc/arm-none-eabi/13.2.1/../../../arm-none-eabi/lib/thumb/v7-m/nofp/libc_nano.a(libc_a-printf.o)
 .comment       0x00000026       0x27 /usr/lib/gcc/arm-none-eabi/13.2.1/../../../arm-none-eabi/lib/thumb/v7-m/nofp/libc_nano.a(libc_a-nano-vfprintf.o)
 .comment       0x00000026       0x27 /usr/lib/gcc/arm-none-eabi/13.2.1/../../../arm-none-eabi/lib/thumb/v7-m/nofp/libc_nano.a(libc_a-wbuf.o)
 .comment       0x00000026       0x27 /usr/lib/gcc/arm-none-eabi/13.2.1/../../../arm-none-eabi/lib/thumb/v7-m/nofp/libc_nano.a(libc_a-impure.o)
 .comment       0x00000026       0x27 /usr/lib/gcc/arm-none-eabi/13.2.1/../../../arm-none-eabi/lib/thumb/v7-m/nofp/libc_nano.a(libc_a-fvwrite.o)
 .comment       0x00000026       0x27 /usr/lib/gcc/arm-none-eabi/13.2.1/../../../arm-none-eabi/lib/thumb/v7-m/nofp/libc_nano.a(libc_a-findfp.o)
 .comment       0x00000026       0x27 /usr/lib/gcc/arm-none-eabi/13.2.1/../../../arm-none-eabi/lib/thumb/v7-m/nofp/libc_nano.a(libc_a-fflush.o)
 .comment       0x00000026       0x27 /usr/lib/gcc/arm-none-eabi/13.2.1/../../../arm-none-eabi/lib/thumb/v7-m/nofp/libc_nano.a(libc_a-mallocr.o)
 .comment       0x00000026       0x27 /usr/lib/gcc/arm-none-eabi/13.2.1/../../../arm-none-eabi/lib/thumb/v7-m/nofp/libc_nano.a(libc_a-freer.o)
 .comment       0x00000026       0x27 /usr/lib/gcc/arm-none-eabi/13.2.1/../../../arm-none-eabi/lib/thumb/v7-m/nofp/libc_nano.a(libc_a-memmove.o)
 .comment       0x00000026       0x27 /usr/lib/gcc/arm-none-eabi/13.2.1/../../../arm-none-eabi/lib/thumb/v7-m/nofp/libc_nano.a(libc_a-fwalk.o)
 .comment       0x00000026       0x27 /usr/lib/gcc/arm-none-eabi/13.2.1/../../../arm-none-eabi/lib/thumb/v7-m/nofp/libc_nano.a(libc_a-wsetup.o)
 .comment       0x00000026       0x27 /usr/lib/gcc/arm-none-eabi/13.2.1/../../../arm-none-eabi/lib/thumb/v7-m/nofp/libc_nano.a(libc_a-reallocr.o)
 .comment       0x00000026       0x27 /usr/lib/gcc/arm-none-eabi/13.2.1/../../../arm-none-eabi/lib/thumb/v7-m/nofp/libc_nano.a(libc_a-nano-vfprintf_i.o)
 .comment       0x00000026       0x27 /usr/lib/gcc/arm-none-eabi/13.2.1/../../../arm-none-eabi/lib/thumb/v7-m/nofp/libc_nano.a(libc_a-mlock.o)
 .comment       0x00000026       0x27 /usr/lib/gcc/arm-none-eabi/13.2.1/../../../arm-none-eabi/lib/thumb/v7-m/nofp/libc_nano.a(libc_a-makebuf.o)
 .comment       0x00000026       0x27 /usr/lib/gcc/arm-none-eabi/13.2.1/../../../arm-none-eabi/lib/thumb/v7-m/nofp/libc_nano.a(libc_a-memchr-stub.o)
 .comment       0x00000026       0x27 /usr/lib/gcc/arm-none-eabi/13.2.1/../../../arm-none-eabi/lib/thumb/v7-m/nofp/libc_nano.a(libc_a-isattyr.o)
 .comment       0x00000026       0x27 /usr/lib/gcc/arm-none-eabi/13.2.1/../../../arm-none-eabi/lib/thumb/v7-m/nofp/libc_nano.a(libc_a-sbrkr.o)
 .comment       0x00000026       0x27 /usr/lib/gcc/arm-none-eabi/13.2.1/../../../arm-none-eabi/lib/thumb/v7-m/nofp/libc_nano.a(libc_a-stdio.o)
 .comment       0x00000026       0x27 /usr/lib/gcc/arm-none-eabi/13.2.1/../../../arm-none-eabi/lib/thumb/v7-m/nofp/libc_nano.a(libc_a-msizer.o)
 .comment       0x00000026       0x27 /usr/lib/gcc/arm-none-eabi/13.2.1/../../../arm-none-eabi/lib/thumb/v7-m/nofp/libc_nano.a(libc_a-closer.o)
 .comment       0x00000026       0x27 /usr/lib/gcc/arm-none-eabi/13.2.1/../../../arm-none-eabi/lib/thumb/v7-m/nofp/libc_nano.a(libc_a-readr.o)
 .comment       0x00000026       0x27 /usr/lib/gcc/arm-none-eabi/13.2.1/../../../arm-none-eabi/lib/thumb/v7-m/nofp/libc_nano.a(libc_a-reent.o)
 .comment       0x00000026       0x27 /usr/lib/gcc/arm-none-eabi/13.2.1/../../../arm-none-eabi/lib/thumb/v7-m/nofp/libc_nano.a(libc_a-fstatr.o)
 .comment       0x00000026       0x27 /usr/lib/gcc/arm-none-eabi/13.2.1/../../../arm-none-eabi/lib/thumb/v7-m/nofp/libc_nano.a(libc_a-lseekr.o)
 .comment       0x00000026       0x27 /usr/lib/gcc/arm-none-eabi/13.2.1/../../../arm-none-eabi/lib/thumb/v7-m/nofp/libc_nano.a(libc_a-writer.o)
 .comment       0x00000026       0x27 /usr/lib/gcc/arm-none-eabi/13.2.1/../../../arm-none-eabi/lib/thumb/v7-m/nofp/libnosys.a(close.o)
 .comment       0x00000026       0x27 /usr/lib/gcc/arm-none-eabi/13.2.1/../../../arm-none-eabi/lib/thumb/v7-m/nofp/libnosys.a(fstat.o)
 .comment       0x00000026       0x27 /usr/lib/gcc/arm-none-eabi/13.2.1/../../../arm-none-eabi/lib/thumb/v7-m/nofp/libnosys.a(isatty.o)
 .comment       0x00000026       0x27 /usr/lib/gcc/arm-none-eabi/13.2.1/../../../arm-none-eabi/lib/thumb/v7-m/nofp/libnosys.a(lseek.o)
 .comment       0x00000026       0x27 /usr/lib/gcc/arm-none-eabi/13.2.1/../../../arm-none-eabi/lib/thumb/v7-m/nofp/libnosys.a(read.o)
 .comment       0x00000026       0x27 /usr/lib/gcc/arm-none-eabi/13.2.1/../../../arm-none-eabi/lib/thumb/v7-m/nofp/libnosys.a(sbrk.o)
 .comment       0x00000026       0x27 /usr/lib/gcc/arm-none-eabi/13.2.1/../../../arm-none-eabi/lib/thumb/v7-m/nofp/libnosys.a(write.o)
 .comment       0x00000026       0x27 /usr/lib/gcc/arm-none-eabi/13.2.1/thumb/v7-m/nofp/crtend.o

.debug_info     0x00000000    0x27f7c
 .debug_info    0x00000000      0x6ba build/stm32f1xx_hal_flash.o
 .debug_info    0x000006ba      0xa9c build/stm32f1xx_hal_rcc.o
 .debug_info    0x00001156     0x3529 build/stm32f1xx_hal_tim.o
 .debug_info    0x0000467f     0x15e5 build/stm32f1xx_hal_tim_ex.o
 .debug_info    0x00005c64      0xd1e build/stm32f1xx_hal_adc_ex.o
 .debug_info    0x00006982      0xe69 build/stm32f1xx_hal_cortex.o
 .debug_info    0x000077eb      0xb6b build/stm32f1xx_hal_flash_ex.o
 .debug_info    0x00008356      0x6cc build/stm32f1xx_hal_gpio.o
 .debug_info    0x00008a22      0x49e build/stm32f1xx_hal_rcc_ex.o
 .debug_info    0x00008ec0      0x7ae build/stm32f1xx_hal.o
 .debug_info    0x0000966e     0x103e build/stm32f1xx_hal_adc.o
 .debug_info    0x0000a6ac     0x1a06 build/stm32f1xx_hal_uart.o
 .debug_info    0x0000c0b2      0x8ca build/stm32f1xx_hal_dma.o
 .debug_info    0x0000c97c      0x447 build/system_stm32f1xx.o
 .debug_info    0x0000cdc3     0x248a build/setup.o
 .debug_info    0x0000f24d      0xd16 build/control.o
 .debug_info    0x0000ff63     0x2705 build/util.o
 .debug_info    0x00012668     0x1ae7 build/main.o
 .debug_info    0x0001414f     0x136a build/bldc.o
 .debug_info    0x000154b9      0x9ce build/eeprom.o
 .debug_info    0x00015e87      0x774 build/stm32f1xx_it.o
 .debug_info    0x000165fb      0x485 build/BLDC_controller_data.o
 .debug_info    0x00016a80     0x1eb5 build/BLDC_controller.o
 .debug_info    0x00018935       0x30 build/startup_stm32f103xe.o
 .debug_info    0x00018965      0x10b /usr/lib/gcc/arm-none-eabi/13.2.1/../../../arm-none-eabi/lib/thumb/v7-m/nofp/libc_nano.a(libc_a-init.o)
 .debug_info    0x00018a70      0x135 /usr/lib/gcc/arm-none-eabi/13.2.1/../../../arm-none-eabi/lib/thumb/v7-m/nofp/libc_nano.a(libc_a-memset.o)
 .debug_info    0x00018ba5       0x33 /usr/lib/gcc/arm-none-eabi/13.2.1/../../../arm-none-eabi/lib/thumb/v7-m/nofp/libc_nano.a(libc_a-memcpy.o)
 .debug_info    0x00018bd8      0x837 /usr/lib/gcc/arm-none-eabi/13.2.1/../../../arm-none-eabi/lib/thumb/v7-m/nofp/libc_nano.a(libc_a-printf.o)
 .debug_info    0x0001940f     0x108a /usr/lib/gcc/arm-none-eabi/13.2.1/../../../arm-none-eabi/lib/thumb/v7-m/nofp/libc_nano.a(libc_a-nano-vfprintf.o)
 .debug_info    0x0001a499      0x863 /usr/lib/gcc/arm-none-eabi/13.2.1/../../../arm-none-eabi/lib/thumb/v7-m/nofp/libc_nano.a(libc_a-wbuf.o)
 .debug_info    0x0001acfc      0x70b /usr/lib/gcc/arm-none-eabi/13.2.1/../../../arm-none-eabi/lib/thumb/v7-m/nofp/libc_nano.a(libc_a-impure.o)
 .debug_info    0x0001b407      0xb1e /usr/lib/gcc/arm-none-eabi/13.2.1/../../../arm-none-eabi/lib/thumb/v7-m/nofp/libc_nano.a(libc_a-fvwrite.o)
 .debug_info    0x0001bf25      0xe8c /usr/lib/gcc/arm-none-eabi/13.2.1/../../../arm-none-eabi/lib/thumb/v7-m/nofp/libc_nano.a(libc_a-findfp.o)
 .debug_info    0x0001cdb1      0xa30 /usr/lib/gcc/arm-none-eabi/13.2.1/../../../arm-none-eabi/lib/thumb/v7-m/nofp/libc_nano.a(libc_a-fflush.o)
 .debug_info    0x0001d7e1      0x9b6 /usr/lib/gcc/arm-none-eabi/13.2.1/../../../arm-none-eabi/lib/thumb/v7-m/nofp/libc_nano.a(libc_a-mallocr.o)
 .debug_info    0x0001e197      0x87f /usr/lib/gcc/arm-none-eabi/13.2.1/../../../arm-none-eabi/lib/thumb/v7-m/nofp/libc_nano.a(libc_a-freer.o)
 .debug_info    0x0001ea16      0x148 /usr/lib/gcc/arm-none-eabi/13.2.1/../../../arm-none-eabi/lib/thumb/v7-m/nofp/libc_nano.a(libc_a-memmove.o)
 .debug_info    0x0001eb5e      0x7c8 /usr/lib/gcc/arm-none-eabi/13.2.1/../../../arm-none-eabi/lib/thumb/v7-m/nofp/libc_nano.a(libc_a-fwalk.o)
 .debug_info    0x0001f326      0x7b1 /usr/lib/gcc/arm-none-eabi/13.2.1/../../../arm-none-eabi/lib/thumb/v7-m/nofp/libc_nano.a(libc_a-wsetup.o)
 .debug_info    0x0001fad7      0x8cd /usr/lib/gcc/arm-none-eabi/13.2.1/../../../arm-none-eabi/lib/thumb/v7-m/nofp/libc_nano.a(libc_a-reallocr.o)
 .debug_info    0x000203a4      0xdd7 /usr/lib/gcc/arm-none-eabi/13.2.1/../../../arm-none-eabi/lib/thumb/v7-m/nofp/libc_nano.a(libc_a-nano-vfprintf_i.o)
 .debug_info    0x0002117b      0x71c /usr/lib/gcc/arm-none-eabi/13.2.1/../../../arm-none-eabi/lib/thumb/v7-m/nofp/libc_nano.a(libc_a-mlock.o)
 .debug_info    0x00021897      0xbe6 /usr/lib/gcc/arm-none-eabi/13.2.1/../../../arm-none-eabi/lib/thumb/v7-m/nofp/libc_nano.a(libc_a-makebuf.o)
 .debug_info    0x0002247d      0x14a /usr/lib/gcc/arm-none-eabi/13.2.1/../../../arm-none-eabi/lib/thumb/v7-m/nofp/libc_nano.a(libc_a-memchr-stub.o)
 .debug_info    0x000225c7      0x752 /usr/lib/gcc/arm-none-eabi/13.2.1/../../../arm-none-eabi/lib/thumb/v7-m/nofp/libc_nano.a(libc_a-isattyr.o)
 .debug_info    0x00022d19      0x778 /usr/lib/gcc/arm-none-eabi/13.2.1/../../../arm-none-eabi/lib/thumb/v7-m/nofp/libc_nano.a(libc_a-sbrkr.o)
 .debug_info    0x00023491      0xa80 /usr/lib/gcc/arm-none-eabi/13.2.1/../../../arm-none-eabi/lib/thumb/v7-m/nofp/libc_nano.a(libc_a-stdio.o)
 .debug_info    0x00023f11      0x78a /usr/lib/gcc/arm-none-eabi/13.2.1/../../../arm-none-eabi/lib/thumb/v7-m/nofp/libc_nano.a(libc_a-msizer.o)
 .debug_info    0x0002469b      0x752 /usr/lib/gcc/arm-none-eabi/13.2.1/../../../arm-none-eabi/lib/thumb/v7-m/nofp/libc_nano.a(libc_a-closer.o)
 .debug_info    0x00024ded      0x7b5 /usr/lib/gcc/arm-none-eabi/13.2.1/../../../arm-none-eabi/lib/thumb/v7-m/nofp/libc_nano.a(libc_a-readr.o)
 .debug_info    0x000255a2      0x89f /usr/lib/gcc/arm-none-eabi/13.2.1/../../../arm-none-eabi/lib/thumb/v7-m/nofp/libc_nano.a(libc_a-reent.o)
 .debug_info    0x00025e41      0x977 /usr/lib/gcc/arm-none-eabi/13.2.1/../../../arm-none-eabi/lib/thumb/v7-m/nofp/libc_nano.a(libc_a-fstatr.o)
 .debug_info    0x000267b8      0x79e /usr/lib/gcc/arm-none-eabi/13.2.1/../../../arm-none-eabi/lib/thumb/v7-m/nofp/libc_nano.a(libc_a-lseekr.o)
 .debug_info    0x00026f56      0x7bb /usr/lib/gcc/arm-none-eabi/13.2.1/../../../arm-none-eabi/lib/thumb/v7-m/nofp/libc_nano.a(libc_a-writer.o)
 .debug_info    0x00027711       0xde /usr/lib/gcc/arm-none-eabi/13.2.1/../../../arm-none-eabi/lib/thumb/v7-m/nofp/libnosys.a(close.o)
 .debug_info    0x000277ef      0x2f7 /usr/lib/gcc/arm-none-eabi/13.2.1/../../../arm-none-eabi/lib/thumb/v7-m/nofp/libnosys.a(fstat.o)
 .debug_info    0x00027ae6       0xde /usr/lib/gcc/arm-none-eabi/13.2.1/../../../arm-none-eabi/lib/thumb/v7-m/nofp/libnosys.a(isatty.o)
 .debug_info    0x00027bc4      0x100 /usr/lib/gcc/arm-none-eabi/13.2.1/../../../arm-none-eabi/lib/thumb/v7-m/nofp/libnosys.a(lseek.o)
 .debug_info    0x00027cc4      0x106 /usr/lib/gcc/arm-none-eabi/13.2.1/../../../arm-none-eabi/lib/thumb/v7-m/nofp/libnosys.a(read.o)
 .debug_info    0x00027dca       0xac /usr/lib/gcc/arm-none-eabi/13.2.1/../../../arm-none-eabi/lib/thumb/v7-m/nofp/libnosys.a(sbrk.o)
 .debug_info    0x00027e76      0x106 /usr/lib/gcc/arm-none-eabi/13.2.1/../../../arm-none-eabi/lib/thumb/v7-m/nofp/libnosys.a(write.o)

.debug_abbrev   0x00000000     0x741f
 .debug_abbrev  0x00000000      0x267 build/stm32f1xx_hal_flash.o
 .debug_abbrev  0x00000267      0x2c9 build/stm32f1xx_hal_rcc.o
 .debug_abbrev  0x00000530      0x2dd build/stm32f1xx_hal_tim.o
 .debug_abbrev  0x0000080d      0x296 build/stm32f1xx_hal_tim_ex.o
 .debug_abbrev  0x00000aa3      0x2a1 build/stm32f1xx_hal_adc_ex.o
 .debug_abbrev  0x00000d44      0x38d build/stm32f1xx_hal_cortex.o
 .debug_abbrev  0x000010d1      0x297 build/stm32f1xx_hal_flash_ex.o
 .debug_abbrev  0x00001368      0x22b build/stm32f1xx_hal_gpio.o
 .debug_abbrev  0x00001593      0x1d4 build/stm32f1xx_hal_rcc_ex.o
 .debug_abbrev  0x00001767      0x24e build/stm32f1xx_hal.o
 .debug_abbrev  0x000019b5      0x282 build/stm32f1xx_hal_adc.o
 .debug_abbrev  0x00001c37      0x2df build/stm32f1xx_hal_uart.o
 .debug_abbrev  0x00001f16      0x261 build/stm32f1xx_hal_dma.o
 .debug_abbrev  0x00002177      0x140 build/system_stm32f1xx.o
 .debug_abbrev  0x000022b7      0x26e build/setup.o
 .debug_abbrev  0x00002525      0x269 build/control.o
 .debug_abbrev  0x0000278e      0x3bc build/util.o
 .debug_abbrev  0x00002b4a      0x27d build/main.o
 .debug_abbrev  0x00002dc7      0x21f build/bldc.o
 .debug_abbrev  0x00002fe6      0x1e9 build/eeprom.o
 .debug_abbrev  0x000031cf      0x1d8 build/stm32f1xx_it.o
 .debug_abbrev  0x000033a7       0xd4 build/BLDC_controller_data.o
 .debug_abbrev  0x0000347b      0x2b0 build/BLDC_controller.o
 .debug_abbrev  0x0000372b       0x1d build/startup_stm32f103xe.o
 .debug_abbrev  0x00003748       0xc9 /usr/lib/gcc/arm-none-eabi/13.2.1/../../../arm-none-eabi/lib/thumb/v7-m/nofp/libc_nano.a(libc_a-init.o)
 .debug_abbrev  0x00003811       0xb7 /usr/lib/gcc/arm-none-eabi/13.2.1/../../../arm-none-eabi/lib/thumb/v7-m/nofp/libc_nano.a(libc_a-memset.o)
 .debug_abbrev  0x000038c8       0x28 /usr/lib/gcc/arm-none-eabi/13.2.1/../../../arm-none-eabi/lib/thumb/v7-m/nofp/libc_nano.a(libc_a-memcpy.o)
 .debug_abbrev  0x000038f0      0x21a /usr/lib/gcc/arm-none-eabi/13.2.1/../../../arm-none-eabi/lib/thumb/v7-m/nofp/libc_nano.a(libc_a-printf.o)
 .debug_abbrev  0x00003b0a      0x36e /usr/lib/gcc/arm-none-eabi/13.2.1/../../../arm-none-eabi/lib/thumb/v7-m/nofp/libc_nano.a(libc_a-nano-vfprintf.o)
 .debug_abbrev  0x00003e78      0x236 /usr/lib/gcc/arm-none-eabi/13.2.1/../../../arm-none-eabi/lib/thumb/v7-m/nofp/libc_nano.a(libc_a-wbuf.o)
 .debug_abbrev  0x000040ae      0x149 /usr/lib/gcc/arm-none-eabi/13.2.1/../../../arm-none-eabi/lib/thumb/v7-m/nofp/libc_nano.a(libc_a-impure.o)
 .debug_abbrev  0x000041f7      0x224 /usr/lib/gcc/arm-none-eabi/13.2.1/../../../arm-none-eabi/lib/thumb/v7-m/nofp/libc_nano.a(libc_a-fvwrite.o)
 .debug_abbrev  0x0000441b      0x408 /usr/lib/gcc/arm-none-eabi/13.2.1/../../../arm-none-eabi/lib/thumb/v7-m/nofp/libc_nano.a(libc_a-findfp.o)
 .debug_abbrev  0x00004823      0x2e1 /usr/lib/gcc/arm-none-eabi/13.2.1/../../../arm-none-eabi/lib/thumb/v7-m/nofp/libc_nano.a(libc_a-fflush.o)
 .debug_abbrev  0x00004b04      0x24a /usr/lib/gcc/arm-none-eabi/13.2.1/../../../arm-none-eabi/lib/thumb/v7-m/nofp/libc_nano.a(libc_a-mallocr.o)
 .debug_abbrev  0x00004d4e      0x249 /usr/lib/gcc/arm-none-eabi/13.2.1/../../../arm-none-eabi/lib/thumb/v7-m/nofp/libc_nano.a(libc_a-freer.o)
 .debug_abbrev  0x00004f97       0xc3 /usr/lib/gcc/arm-none-eabi/13.2.1/../../../arm-none-eabi/lib/thumb/v7-m/nofp/libc_nano.a(libc_a-memmove.o)
 .debug_abbrev  0x0000505a      0x19b /usr/lib/gcc/arm-none-eabi/13.2.1/../../../arm-none-eabi/lib/thumb/v7-m/nofp/libc_nano.a(libc_a-fwalk.o)
 .debug_abbrev  0x000051f5      0x1e2 /usr/lib/gcc/arm-none-eabi/13.2.1/../../../arm-none-eabi/lib/thumb/v7-m/nofp/libc_nano.a(libc_a-wsetup.o)
 .debug_abbrev  0x000053d7      0x20c /usr/lib/gcc/arm-none-eabi/13.2.1/../../../arm-none-eabi/lib/thumb/v7-m/nofp/libc_nano.a(libc_a-reallocr.o)
 .debug_abbrev  0x000055e3      0x284 /usr/lib/gcc/arm-none-eabi/13.2.1/../../../arm-none-eabi/lib/thumb/v7-m/nofp/libc_nano.a(libc_a-nano-vfprintf_i.o)
 .debug_abbrev  0x00005867      0x192 /usr/lib/gcc/arm-none-eabi/13.2.1/../../../arm-none-eabi/lib/thumb/v7-m/nofp/libc_nano.a(libc_a-mlock.o)
 .debug_abbrev  0x000059f9      0x29d /usr/lib/gcc/arm-none-eabi/13.2.1/../../../arm-none-eabi/lib/thumb/v7-m/nofp/libc_nano.a(libc_a-makebuf.o)
 .debug_abbrev  0x00005c96       0xc7 /usr/lib/gcc/arm-none-eabi/13.2.1/../../../arm-none-eabi/lib/thumb/v7-m/nofp/libc_nano.a(libc_a-memchr-stub.o)
 .debug_abbrev  0x00005d5d      0x1b0 /usr/lib/gcc/arm-none-eabi/13.2.1/../../../arm-none-eabi/lib/thumb/v7-m/nofp/libc_nano.a(libc_a-isattyr.o)
 .debug_abbrev  0x00005f0d      0x1da /usr/lib/gcc/arm-none-eabi/13.2.1/../../../arm-none-eabi/lib/thumb/v7-m/nofp/libc_nano.a(libc_a-sbrkr.o)
 .debug_abbrev  0x000060e7      0x224 /usr/lib/gcc/arm-none-eabi/13.2.1/../../../arm-none-eabi/lib/thumb/v7-m/nofp/libc_nano.a(libc_a-stdio.o)
 .debug_abbrev  0x0000630b      0x196 /usr/lib/gcc/arm-none-eabi/13.2.1/../../../arm-none-eabi/lib/thumb/v7-m/nofp/libc_nano.a(libc_a-msizer.o)
 .debug_abbrev  0x000064a1      0x1b0 /usr/lib/gcc/arm-none-eabi/13.2.1/../../../arm-none-eabi/lib/thumb/v7-m/nofp/libc_nano.a(libc_a-closer.o)
 .debug_abbrev  0x00006651      0x1b0 /usr/lib/gcc/arm-none-eabi/13.2.1/../../../arm-none-eabi/lib/thumb/v7-m/nofp/libc_nano.a(libc_a-readr.o)
 .debug_abbrev  0x00006801      0x1ee /usr/lib/gcc/arm-none-eabi/13.2.1/../../../arm-none-eabi/lib/thumb/v7-m/nofp/libc_nano.a(libc_a-reent.o)
 .debug_abbrev  0x000069ef      0x1c3 /usr/lib/gcc/arm-none-eabi/13.2.1/../../../arm-none-eabi/lib/thumb/v7-m/nofp/libc_nano.a(libc_a-fstatr.o)
 .debug_abbrev  0x00006bb2      0x1c4 /usr/lib/gcc/arm-none-eabi/13.2.1/../../../arm-none-eabi/lib/thumb/v7-m/nofp/libc_nano.a(libc_a-lseekr.o)
 .debug_abbrev  0x00006d76      0x1b5 /usr/lib/gcc/arm-none-eabi/13.2.1/../../../arm-none-eabi/lib/thumb/v7-m/nofp/libc_nano.a(libc_a-writer.o)
 .debug_abbrev  0x00006f2b       0x96 /usr/lib/gcc/arm-none-eabi/13.2.1/../../../arm-none-eabi/lib/thumb/v7-m/nofp/libnosys.a(close.o)
 .debug_abbrev  0x00006fc1       0xe4 /usr/lib/gcc/arm-none-eabi/13.2.1/../../../arm-none-eabi/lib/thumb/v7-m/nofp/libnosys.a(fstat.o)
 .debug_abbrev  0x000070a5       0x96 /usr/lib/gcc/arm-none-eabi/13.2.1/../../../arm-none-eabi/lib/thumb/v7-m/nofp/libnosys.a(isatty.o)
 .debug_abbrev  0x0000713b       0xbb /usr/lib/gcc/arm-none-eabi/13.2.1/../../../arm-none-eabi/lib/thumb/v7-m/nofp/libnosys.a(lseek.o)
 .debug_abbrev  0x000071f6       0xc4 /usr/lib/gcc/arm-none-eabi/13.2.1/../../../arm-none-eabi/lib/thumb/v7-m/nofp/libnosys.a(read.o)
 .debug_abbrev  0x000072ba       0xa1 /usr/lib/gcc/arm-none-eabi/13.2.1/../../../arm-none-eabi/lib/thumb/v7-m/nofp/libnosys.a(sbrk.o)
 .debug_abbrev  0x0000735b       0xc4 /usr/lib/gcc/arm-none-eabi/13.2.1/../../../arm-none-eabi/lib/thumb/v7-m/nofp/libnosys.a(write.o)

.debug_loc      0x00000000    0x1138f
 .debug_loc     0x00000000      0x458 build/stm32f1xx_hal_flash.o
 .debug_loc     0x00000458      0x744 build/stm32f1xx_hal_rcc.o
 .debug_loc     0x00000b9c     0x461e build/stm32f1xx_hal_tim.o
 .debug_loc     0x000051ba     0x145c build/stm32f1xx_hal_tim_ex.o
 .debug_loc     0x00006616      0xc2b build/stm32f1xx_hal_adc_ex.o
 .debug_loc     0x00007241      0x894 build/stm32f1xx_hal_cortex.o
 .debug_loc     0x00007ad5      0x9ec build/stm32f1xx_hal_flash_ex.o
 .debug_loc     0x000084c1      0x5db build/stm32f1xx_hal_gpio.o
 .debug_loc     0x00008a9c      0x4b6 build/stm32f1xx_hal_rcc_ex.o
 .debug_loc     0x00008f52      0x12a build/stm32f1xx_hal.o
 .debug_loc     0x0000907c      0xef2 build/stm32f1xx_hal_adc.o
 .debug_loc     0x00009f6e     0x1e7c build/stm32f1xx_hal_uart.o
 .debug_loc     0x0000bdea      0x973 build/stm32f1xx_hal_dma.o
 .debug_loc     0x0000c75d      0x11b build/system_stm32f1xx.o
 .debug_loc     0x0000c878      0x262 build/setup.o
 .debug_loc     0x0000cada      0x326 build/control.o
 .debug_loc     0x0000ce00      0xea7 build/util.o
 .debug_loc     0x0000dca7       0xa6 build/main.o
 .debug_loc     0x0000dd4d      0x264 build/bldc.o
 .debug_loc     0x0000dfb1      0xc6d build/eeprom.o
 .debug_loc     0x0000ec1e       0xa4 build/stm32f1xx_it.o
 .debug_loc     0x0000ecc2     0x26cd build/BLDC_controller.o

.debug_aranges  0x00000000     0x14b8
 .debug_aranges
                0x00000000       0x88 build/stm32f1xx_hal_flash.o
 .debug_aranges
                0x00000088       0x90 build/stm32f1xx_hal_rcc.o
 .debug_aranges
                0x00000118      0x368 build/stm32f1xx_hal_tim.o
 .debug_aranges
                0x00000480      0x138 build/stm32f1xx_hal_tim_ex.o
 .debug_aranges
                0x000005b8       0x80 build/stm32f1xx_hal_adc_ex.o
 .debug_aranges
                0x00000638       0xb8 build/stm32f1xx_hal_cortex.o
 .debug_aranges
                0x000006f0       0x98 build/stm32f1xx_hal_flash_ex.o
 .debug_aranges
                0x00000788       0x58 build/stm32f1xx_hal_gpio.o
 .debug_aranges
                0x000007e0       0x30 build/stm32f1xx_hal_rcc_ex.o
 .debug_aranges
                0x00000810       0xb8 build/stm32f1xx_hal.o
 .debug_aranges
                0x000008c8       0xf0 build/stm32f1xx_hal_adc.o
 .debug_aranges
                0x000009b8      0x1d0 build/stm32f1xx_hal_uart.o
 .debug_aranges
                0x00000b88       0x80 build/stm32f1xx_hal_dma.o
 .debug_aranges
                0x00000c08       0x28 build/system_stm32f1xx.o
 .debug_aranges
                0x00000c30       0x58 build/setup.o
 .debug_aranges
                0x00000c88       0x40 build/control.o
 .debug_aranges
                0x00000cc8      0x118 build/util.o
 .debug_aranges
                0x00000de0       0x28 build/main.o
 .debug_aranges
                0x00000e08       0x20 build/bldc.o
 .debug_aranges
                0x00000e28       0x58 build/eeprom.o
 .debug_aranges
                0x00000e80       0x78 build/stm32f1xx_it.o
 .debug_aranges
                0x00000ef8       0x18 build/BLDC_controller_data.o
 .debug_aranges
                0x00000f10       0xe8 build/BLDC_controller.o
 .debug_aranges
                0x00000ff8       0x28 build/startup_stm32f103xe.o
 .debug_aranges
                0x00001020       0x20 /usr/lib/gcc/arm-none-eabi/13.2.1/../../../arm-none-eabi/lib/thumb/v7-m/nofp/libc_nano.a(libc_a-init.o)
 .debug_aranges
                0x00001040       0x20 /usr/lib/gcc/arm-none-eabi/13.2.1/../../../arm-none-eabi/lib/thumb/v7-m/nofp/libc_nano.a(libc_a-memset.o)
 .debug_aranges
                0x00001060       0x20 /usr/lib/gcc/arm-none-eabi/13.2.1/../../../arm-none-eabi/lib/thumb/v7-m/nofp/libc_nano.a(libc_a-memcpy.o)
 .debug_aranges
                0x00001080       0x20 /usr/lib/gcc/arm-none-eabi/13.2.1/../../../arm-none-eabi/lib/thumb/v7-m/nofp/libc_nano.a(libc_a-printf.o)
 .debug_aranges
                0x000010a0       0x20 /usr/lib/gcc/arm-none-eabi/13.2.1/../../../arm-none-eabi/lib/thumb/v7-m/nofp/libc_nano.a(libc_a-nano-vfprintf.o)
 .debug_aranges
                0x000010c0       0x20 /usr/lib/gcc/arm-none-eabi/13.2.1/../../../arm-none-eabi/lib/thumb/v7-m/nofp/libc_nano.a(libc_a-wbuf.o)
 .debug_aranges
                0x000010e0       0x18 /usr/lib/gcc/arm-none-eabi/13.2.1/../../../arm-none-eabi/lib/thumb/v7-m/nofp/libc_nano.a(libc_a-impure.o)
 .debug_aranges
                0x000010f8       0x20 /usr/lib/gcc/arm-none-eabi/13.2.1/../../../arm-none-eabi/lib/thumb/v7-m/nofp/libc_nano.a(libc_a-fvwrite.o)
 .debug_aranges
                0x00001118       0x20 /usr/lib/gcc/arm-none-eabi/13.2.1/../../../arm-none-eabi/lib/thumb/v7-m/nofp/libc_nano.a(libc_a-findfp.o)
 .debug_aranges
                0x00001138       0x20 /usr/lib/gcc/arm-none-eabi/13.2.1/../../../arm-none-eabi/lib/thumb/v7-m/nofp/libc_nano.a(libc_a-fflush.o)
 .debug_aranges
                0x00001158       0x20 /usr/lib/gcc/arm-none-eabi/13.2.1/../../../arm-none-eabi/lib/thumb/v7-m/nofp/libc_nano.a(libc_a-mallocr.o)
 .debug_aranges
                0x00001178       0x20 /usr/lib/gcc/arm-none-eabi/13.2.1/../../../arm-none-eabi/lib/thumb/v7-m/nofp/libc_nano.a(libc_a-freer.o)
 .debug_aranges
                0x00001198       0x20 /usr/lib/gcc/arm-none-eabi/13.2.1/../../../arm-none-eabi/lib/thumb/v7-m/nofp/libc_nano.a(libc_a-memmove.o)
 .debug_aranges
                0x000011b8       0x20 /usr/lib/gcc/arm-none-eabi/13.2.1/../../../arm-none-eabi/lib/thumb/v7-m/nofp/libc_nano.a(libc_a-fwalk.o)
 .debug_aranges
                0x000011d8       0x20 /usr/lib/gcc/arm-none-eabi/13.2.1/../../../arm-none-eabi/lib/thumb/v7-m/nofp/libc_nano.a(libc_a-wsetup.o)
 .debug_aranges
                0x000011f8       0x20 /usr/lib/gcc/arm-none-eabi/13.2.1/../../../arm-none-eabi/lib/thumb/v7-m/nofp/libc_nano.a(libc_a-reallocr.o)
 .debug_aranges
                0x00001218       0x20 /usr/lib/gcc/arm-none-eabi/13.2.1/../../../arm-none-eabi/lib/thumb/v7-m/nofp/libc_nano.a(libc_a-nano-vfprintf_i.o)
 .debug_aranges
                0x00001238       0x20 /usr/lib/gcc/arm-none-eabi/13.2.1/../../../arm-none-eabi/lib/thumb/v7-m/nofp/libc_nano.a(libc_a-mlock.o)
 .debug_aranges
                0x00001258       0x20 /usr/lib/gcc/arm-none-eabi/13.2.1/../../../arm-none-eabi/lib/thumb/v7-m/nofp/libc_nano.a(libc_a-makebuf.o)
 .debug_aranges
                0x00001278       0x20 /usr/lib/gcc/arm-none-eabi/13.2.1/../../../arm-none-eabi/lib/thumb/v7-m/nofp/libc_nano.a(libc_a-memchr-stub.o)
 .debug_aranges
                0x00001298       0x20 /usr/lib/gcc/arm-none-eabi/13.2.1/../../../arm-none-eabi/lib/thumb/v7-m/nofp/libc_nano.a(libc_a-isattyr.o)
 .debug_aranges
                0x000012b8       0x20 /usr/lib/gcc/arm-none-eabi/13.2.1/../../../arm-none-eabi/lib/thumb/v7-m/nofp/libc_nano.a(libc_a-sbrkr.o)
 .debug_aranges
                0x000012d8       0x20 /usr/lib/gcc/arm-none-eabi/13.2.1/../../../arm-none-eabi/lib/thumb/v7-m/nofp/libc_nano.a(libc_a-stdio.o)
 .debug_aranges
                0x000012f8       0x20 /usr/lib/gcc/arm-none-eabi/13.2.1/../../../arm-none-eabi/lib/thumb/v7-m/nofp/libc_nano.a(libc_a-msizer.o)
 .debug_aranges
                0x00001318       0x20 /usr/lib/gcc/arm-none-eabi/13.2.1/../../../arm-none-eabi/lib/thumb/v7-m/nofp/libc_nano.a(libc_a-closer.o)
 .debug_aranges
                0x00001338       0x20 /usr/lib/gcc/arm-none-eabi/13.2.1/../../../arm-none-eabi/lib/thumb/v7-m/nofp/libc_nano.a(libc_a-readr.o)
 .debug_aranges
                0x00001358       0x20 /usr/lib/gcc/arm-none-eabi/13.2.1/../../../arm-none-eabi/lib/thumb/v7-m/nofp/libc_nano.a(libc_a-reent.o)
 .debug_aranges
                0x00001378       0x20 /usr/lib/gcc/arm-none-eabi/13.2.1/../../../arm-none-eabi/lib/thumb/v7-m/nofp/libc_nano.a(libc_a-fstatr.o)
 .debug_aranges
                0x00001398       0x20 /usr/lib/gcc/arm-none-eabi/13.2.1/../../../arm-none-eabi/lib/thumb/v7-m/nofp/libc_nano.a(libc_a-lseekr.o)
 .debug_aranges
                0x000013b8       0x20 /usr/lib/gcc/arm-none-eabi/13.2.1/../../../arm-none-eabi/lib/thumb/v7-m/nofp/libc_nano.a(libc_a-writer.o)
 .debug_aranges
                0x000013d8       0x20 /usr/lib/gcc/arm-none-eabi/13.2.1/../../../arm-none-eabi/lib/thumb/v7-m/nofp/libnosys.a(close.o)
 .debug_aranges
                0x000013f8       0x20 /usr/lib/gcc/arm-none-eabi/13.2.1/../../../arm-none-eabi/lib/thumb/v7-m/nofp/libnosys.a(fstat.o)
 .debug_aranges
                0x00001418       0x20 /usr/lib/gcc/arm-none-eabi/13.2.1/../../../arm-none-eabi/lib/thumb/v7-m/nofp/libnosys.a(isatty.o)
 .debug_aranges
                0x00001438       0x20 /usr/lib/gcc/arm-none-eabi/13.2.1/../../../arm-none-eabi/lib/thumb/v7-m/nofp/libnosys.a(lseek.o)
 .debug_aranges
                0x00001458       0x20 /usr/lib/gcc/arm-none-eabi/13.2.1/../../../arm-none-eabi/lib/thumb/v7-m/nofp/libnosys.a(read.o)
 .debug_aranges
                0x00001478       0x20 /usr/lib/gcc/arm-none-eabi/13.2.1/../../../arm-none-eabi/lib/thumb/v7-m/nofp/libnosys.a(sbrk.o)
 .debug_aranges
                0x00001498       0x20 /usr/lib/gcc/arm-none-eabi/13.2.1/../../../arm-none-eabi/lib/thumb/v7-m/nofp/libnosys.a(write.o)

.debug_ranges   0x00000000      0xf10
 .debug_ranges  0x00000000       0x78 build/stm32f1xx_hal_flash.o
 .debug_ranges  0x00000078       0xa0 build/stm32f1xx_hal_rcc.o
 .debug_ranges  0x00000118      0x358 build/stm32f1xx_hal_tim.o
 .debug_ranges  0x00000470      0x128 build/stm32f1xx_hal_tim_ex.o
 .debug_ranges  0x00000598       0x70 build/stm32f1xx_hal_adc_ex.o
 .debug_ranges  0x00000608       0xa8 build/stm32f1xx_hal_cortex.o
 .debug_ranges  0x000006b0       0x88 build/stm32f1xx_hal_flash_ex.o
 .debug_ranges  0x00000738       0x48 build/stm32f1xx_hal_gpio.o
 .debug_ranges  0x00000780       0x38 build/stm32f1xx_hal_rcc_ex.o
 .debug_ranges  0x000007b8       0xa8 build/stm32f1xx_hal.o
 .debug_ranges  0x00000860       0xe0 build/stm32f1xx_hal_adc.o
 .debug_ranges  0x00000940      0x1c0 build/stm32f1xx_hal_uart.o
 .debug_ranges  0x00000b00       0x70 build/stm32f1xx_hal_dma.o
 .debug_ranges  0x00000b70       0x18 build/system_stm32f1xx.o
 .debug_ranges  0x00000b88       0x48 build/setup.o
 .debug_ranges  0x00000bd0       0x30 build/control.o
 .debug_ranges  0x00000c00      0x140 build/util.o
 .debug_ranges  0x00000d40       0x18 build/main.o
 .debug_ranges  0x00000d58       0x10 build/bldc.o
 .debug_ranges  0x00000d68       0x48 build/eeprom.o
 .debug_ranges  0x00000db0       0x68 build/stm32f1xx_it.o
 .debug_ranges  0x00000e18       0xd8 build/BLDC_controller.o
 .debug_ranges  0x00000ef0       0x20 build/startup_stm32f103xe.o

.debug_line     0x00000000    0x15342
 .debug_line    0x00000000      0x66f build/stm32f1xx_hal_flash.o
 .debug_line    0x0000066f      0xb1f build/stm32f1xx_hal_rcc.o
 .debug_line    0x0000118e     0x2d9b build/stm32f1xx_hal_tim.o
 .debug_line    0x00003f29      0xd8d build/stm32f1xx_hal_tim_ex.o
 .debug_line    0x00004cb6      0xa80 build/stm32f1xx_hal_adc_ex.o